Jun 11 12:58:05 ubuntu20server kernel: [    0.000000] Linux version 5.4.0-74-generic (buildd@lgw01-amd64-038) (gcc version 9.3.0 (Ubuntu 9.3.0-17ubuntu1~20.04)) #83-Ubuntu SMP Sat May 8 02:35:39 UTC 2021 (Ubuntu 5.4.0-74.83-generic 5.4.114)
Jun 11 12:58:05 ubuntu20server kernel: [    0.000000] Command line: BOOT_IMAGE=/vmlinuz-5.4.0-74-generic root=/dev/mapper/ubuntu--vg-ubuntu--lv ro maybe-ubiquity
Jun 11 12:58:05 ubuntu20server kernel: [    0.000000] KERNEL supported cpus:
Flag: OS{heads_or_tails?}
Jun 11 12:58:05 ubuntu20server kernel: [    0.000000]   AMD AuthenticAMD
Jun 11 12:58:05 ubuntu20server kernel: [    0.000000]   Hygon HygonGenuine
Jun 11 12:58:05 ubuntu20server kernel: [    0.000000]   Centaur CentaurHauls
Jun 11 12:58:05 ubuntu20server kernel: [    0.000000]   zhaoxin   Shanghai  
Jun 11 12:58:05 ubuntu20server kernel: [    0.000000] Disabled fast string operations
Jun 11 12:58:05 ubuntu20server kernel: [    0.000000] x86/fpu: Supporting XSAVE feature 0x001: 'x87 floating point registers'
Jun 11 12:58:05 ubuntu20server kernel: [    0.000000] x86/fpu: Supporting XSAVE feature 0x002: 'SSE registers'
Jun 11 12:58:05 ubuntu20server kernel: [    0.000000] x86/fpu: Supporting XSAVE feature 0x004: 'AVX registers'
Jun 11 12:58:05 ubuntu20server kernel: [    0.000000] x86/fpu: xstate_offset[2]:  576, xstate_sizes[2]:  256
Jun 11 12:58:05 ubuntu20server kernel: [    0.000000] x86/fpu: Enabled xstate features 0x7, context size is 832 bytes, using 'compacted' format.
Jun 11 12:58:05 ubuntu20server kernel: [    0.000000] BIOS-provided physical RAM map:
Jun 11 12:58:05 ubuntu20server kernel: [    0.000000] BIOS-e820: [mem 0x0000000000000000-0x000000000009e7ff] usable
Jun 11 12:58:05 ubuntu20server kernel: [    0.000000] BIOS-e820: [mem 0x000000000009e800-0x000000000009ffff] reserved
Jun 11 12:58:05 ubuntu20server kernel: [    0.000000] BIOS-e820: [mem 0x00000000000dc000-0x00000000000fffff] reserved
Jun 11 12:58:05 ubuntu20server kernel: [    0.000000] BIOS-e820: [mem 0x0000000000100000-0x00000000bfecffff] usable
Jun 11 12:58:05 ubuntu20server kernel: [    0.000000] BIOS-e820: [mem 0x00000000bfed0000-0x00000000bfefefff] ACPI data
Jun 11 12:58:05 ubuntu20server kernel: [    0.000000] BIOS-e820: [mem 0x00000000bfeff000-0x00000000bfefffff] ACPI NVS
Jun 11 12:58:05 ubuntu20server kernel: [    0.000000] BIOS-e820: [mem 0x00000000bff00000-0x00000000bfffffff] usable
Jun 11 12:58:05 ubuntu20server kernel: [    0.000000] BIOS-e820: [mem 0x00000000f0000000-0x00000000f7ffffff] reserved
Jun 11 12:58:05 ubuntu20server kernel: [    0.000000] BIOS-e820: [mem 0x00000000fec00000-0x00000000fec0ffff] reserved
Jun 11 12:58:05 ubuntu20server kernel: [    0.000000] BIOS-e820: [mem 0x00000000fee00000-0x00000000fee00fff] reserved
Jun 11 12:58:05 ubuntu20server kernel: [    0.000000] BIOS-e820: [mem 0x00000000fffe0000-0x00000000ffffffff] reserved
Jun 11 12:58:05 ubuntu20server kernel: [    0.000000] BIOS-e820: [mem 0x0000000100000000-0x000000013fffffff] usable
Jun 11 12:58:05 ubuntu20server kernel: [    0.000000] NX (Execute Disable) protection: active
Jun 11 12:58:05 ubuntu20server kernel: [    0.000000] SMBIOS 2.7 present.
Jun 11 12:58:05 ubuntu20server kernel: [    0.000000] DMI: VMware, Inc. VMware Virtual Platform/440BX Desktop Reference Platform, BIOS 6.00 07/22/2020
Jun 11 12:58:05 ubuntu20server kernel: [    0.000000] vmware: hypercall mode: 0x02
Jun 11 12:58:05 ubuntu20server kernel: [    0.000000] Hypervisor detected: VMware
Jun 11 12:58:05 ubuntu20server kernel: [    0.000000] vmware: TSC freq read from hypervisor : 2304.000 MHz
Jun 11 12:58:05 ubuntu20server kernel: [    0.000000] vmware: Host bus clock speed read from hypervisor : 66000000 Hz
Jun 11 12:58:05 ubuntu20server kernel: [    0.000000] vmware: using sched offset of 3463871455 ns
Jun 11 12:58:05 ubuntu20server kernel: [    0.000001] tsc: Detected 2304.000 MHz processor
Jun 11 12:58:05 ubuntu20server kernel: [    0.004228] e820: update [mem 0x00000000-0x00000fff] usable ==> reserved
Jun 11 12:58:05 ubuntu20server kernel: [    0.004230] e820: remove [mem 0x000a0000-0x000fffff] usable
Jun 11 12:58:05 ubuntu20server kernel: [    0.004235] last_pfn = 0x140000 max_arch_pfn = 0x400000000
Jun 11 12:58:05 ubuntu20server kernel: [    0.004389] MTRR default type: uncachable
Jun 11 12:58:05 ubuntu20server kernel: [    0.004390] MTRR fixed ranges enabled:
Jun 11 12:58:05 ubuntu20server kernel: [    0.004391]   00000-9FFFF write-back
Jun 11 12:58:05 ubuntu20server kernel: [    0.004392]   A0000-BFFFF uncachable
Jun 11 12:58:05 ubuntu20server kernel: [    0.004392]   C0000-CFFFF write-protect
Jun 11 12:58:05 ubuntu20server kernel: [    0.004393]   D0000-EFFFF uncachable
Jun 11 12:58:05 ubuntu20server kernel: [    0.004393]   F0000-FFFFF write-protect
Jun 11 12:58:05 ubuntu20server kernel: [    0.004394] MTRR variable ranges enabled:
Jun 11 12:58:05 ubuntu20server kernel: [    0.004395]   0 base 000000000000 mask 1FE000000000 write-back
Jun 11 12:58:05 ubuntu20server kernel: [    0.004396]   1 base 0000C0000000 mask 1FFFC0000000 uncachable
Jun 11 12:58:05 ubuntu20server kernel: [    0.004396]   2 disabled
Jun 11 12:58:05 ubuntu20server kernel: [    0.004396]   3 disabled
Jun 11 12:58:05 ubuntu20server kernel: [    0.004397]   4 disabled
Jun 11 12:58:05 ubuntu20server kernel: [    0.004397]   5 disabled
Jun 11 12:58:05 ubuntu20server kernel: [    0.004397]   6 disabled
Jun 11 12:58:05 ubuntu20server kernel: [    0.004398]   7 disabled
Jun 11 12:58:05 ubuntu20server kernel: [    0.004459] x86/PAT: Configuration [0-7]: WB  WC  UC- UC  WB  WP  UC- WT  
Jun 11 12:58:05 ubuntu20server kernel: [    0.004540] total RAM covered: 130048M
Jun 11 12:58:05 ubuntu20server kernel: [    0.004925] Found optimal setting for mtrr clean up
Jun 11 12:58:05 ubuntu20server kernel: [    0.004926]  gran_size: 64K 	chunk_size: 64K 	num_reg: 7  	lose cover RAM: 0G
Jun 11 12:58:05 ubuntu20server kernel: [    0.005590] e820: update [mem 0xc0000000-0xffffffff] usable ==> reserved
Jun 11 12:58:05 ubuntu20server kernel: [    0.005602] last_pfn = 0xc0000 max_arch_pfn = 0x400000000
Jun 11 12:58:05 ubuntu20server kernel: [    0.012958] found SMP MP-table at [mem 0x000f6a70-0x000f6a7f]
Jun 11 12:58:05 ubuntu20server kernel: [    0.030620] check: Scanning 1 areas for low memory corruption
Jun 11 12:58:05 ubuntu20server kernel: [    0.030638] Using GB pages for direct mapping
Jun 11 12:58:05 ubuntu20server kernel: [    0.030774] RAMDISK: [mem 0x2dfc1000-0x32fd7fff]
Jun 11 12:58:05 ubuntu20server kernel: [    0.030791] ACPI: Early table checksum verification disabled
Jun 11 12:58:05 ubuntu20server kernel: [    0.030796] ACPI: RSDP 0x00000000000F6A00 000024 (v02 PTLTD )
Jun 11 12:58:05 ubuntu20server kernel: [    0.030800] ACPI: XSDT 0x00000000BFEDC633 00005C (v01 INTEL  440BX    06040000 VMW  01324272)
Jun 11 12:58:05 ubuntu20server kernel: [    0.030805] ACPI: FACP 0x00000000BFEFEE73 0000F4 (v04 INTEL  440BX    06040000 PTL  000F4240)
Jun 11 12:58:05 ubuntu20server kernel: [    0.030810] ACPI: DSDT 0x00000000BFEDD9E8 02148B (v01 PTLTD  Custom   06040000 MSFT 03000001)
Jun 11 12:58:05 ubuntu20server kernel: [    0.030819] ACPI: FACS 0x00000000BFEFFFC0 000040
Jun 11 12:58:05 ubuntu20server kernel: [    0.030822] ACPI: FACS 0x00000000BFEFFFC0 000040
Jun 11 12:58:05 ubuntu20server kernel: [    0.030825] ACPI: BOOT 0x00000000BFEDD9C0 000028 (v01 PTLTD  $SBFTBL$ 06040000  LTP 00000001)
Jun 11 12:58:05 ubuntu20server kernel: [    0.030828] ACPI: APIC 0x00000000BFEDD27E 000742 (v01 PTLTD  ? APIC   06040000  LTP 00000000)
Jun 11 12:58:05 ubuntu20server kernel: [    0.030831] ACPI: MCFG 0x00000000BFEDD242 00003C (v01 PTLTD  $PCITBL$ 06040000  LTP 00000001)
Jun 11 12:58:05 ubuntu20server kernel: [    0.030834] ACPI: SRAT 0x00000000BFEDC72F 0008D0 (v02 VMWARE MEMPLUG  06040000 VMW  00000001)
Jun 11 12:58:05 ubuntu20server kernel: [    0.030837] ACPI: HPET 0x00000000BFEDC6F7 000038 (v01 VMWARE VMW HPET 06040000 VMW  00000001)
Jun 11 12:58:05 ubuntu20server kernel: [    0.030840] ACPI: WAET 0x00000000BFEDC6CF 000028 (v01 VMWARE VMW WAET 06040000 VMW  00000001)
Jun 11 12:58:05 ubuntu20server kernel: [    0.030849] ACPI: Local APIC address 0xfee00000
Jun 11 12:58:05 ubuntu20server kernel: [    0.030901] system APIC only can use physical flat
Jun 11 12:58:05 ubuntu20server kernel: [    0.030902] Setting APIC routing to physical flat.
Jun 11 12:58:05 ubuntu20server kernel: [    0.031071] SRAT: PXM 0 -> APIC 0x00 -> Node 0
Jun 11 12:58:05 ubuntu20server kernel: [    0.031073] SRAT: PXM 0 -> APIC 0x02 -> Node 0
Jun 11 12:58:05 ubuntu20server kernel: [    0.031074] SRAT: PXM 0 -> APIC 0x04 -> Node 0
Jun 11 12:58:05 ubuntu20server kernel: [    0.031074] SRAT: PXM 0 -> APIC 0x06 -> Node 0
Jun 11 12:58:05 ubuntu20server kernel: [    0.031075] SRAT: PXM 0 -> APIC 0x08 -> Node 0
Jun 11 12:58:05 ubuntu20server kernel: [    0.031075] SRAT: PXM 0 -> APIC 0x0a -> Node 0
Jun 11 12:58:05 ubuntu20server kernel: [    0.031076] SRAT: PXM 0 -> APIC 0x0c -> Node 0
Jun 11 12:58:05 ubuntu20server kernel: [    0.031076] SRAT: PXM 0 -> APIC 0x0e -> Node 0
Jun 11 12:58:05 ubuntu20server kernel: [    0.031077] SRAT: PXM 0 -> APIC 0x10 -> Node 0
Jun 11 12:58:05 ubuntu20server kernel: [    0.031077] SRAT: PXM 0 -> APIC 0x12 -> Node 0
Jun 11 12:58:05 ubuntu20server kernel: [    0.031078] SRAT: PXM 0 -> APIC 0x14 -> Node 0
Jun 11 12:58:05 ubuntu20server kernel: [    0.031079] SRAT: PXM 0 -> APIC 0x16 -> Node 0
Jun 11 12:58:05 ubuntu20server kernel: [    0.031079] SRAT: PXM 0 -> APIC 0x18 -> Node 0
Jun 11 12:58:05 ubuntu20server kernel: [    0.031080] SRAT: PXM 0 -> APIC 0x1a -> Node 0
Jun 11 12:58:05 ubuntu20server kernel: [    0.031080] SRAT: PXM 0 -> APIC 0x1c -> Node 0
Jun 11 12:58:05 ubuntu20server kernel: [    0.031081] SRAT: PXM 0 -> APIC 0x1e -> Node 0
Jun 11 12:58:05 ubuntu20server kernel: [    0.031081] SRAT: PXM 0 -> APIC 0x20 -> Node 0
Jun 11 12:58:05 ubuntu20server kernel: [    0.031082] SRAT: PXM 0 -> APIC 0x22 -> Node 0
Jun 11 12:58:05 ubuntu20server kernel: [    0.031082] SRAT: PXM 0 -> APIC 0x24 -> Node 0
Jun 11 12:58:05 ubuntu20server kernel: [    0.031083] SRAT: PXM 0 -> APIC 0x26 -> Node 0
Jun 11 12:58:05 ubuntu20server kernel: [    0.031084] SRAT: PXM 0 -> APIC 0x28 -> Node 0
Jun 11 12:58:05 ubuntu20server kernel: [    0.031084] SRAT: PXM 0 -> APIC 0x2a -> Node 0
Jun 11 12:58:05 ubuntu20server kernel: [    0.031085] SRAT: PXM 0 -> APIC 0x2c -> Node 0
Jun 11 12:58:05 ubuntu20server kernel: [    0.031085] SRAT: PXM 0 -> APIC 0x2e -> Node 0
Jun 11 12:58:05 ubuntu20server kernel: [    0.031086] SRAT: PXM 0 -> APIC 0x30 -> Node 0
Jun 11 12:58:05 ubuntu20server kernel: [    0.031086] SRAT: PXM 0 -> APIC 0x32 -> Node 0
Jun 11 12:58:05 ubuntu20server kernel: [    0.031087] SRAT: PXM 0 -> APIC 0x34 -> Node 0
Jun 11 12:58:05 ubuntu20server kernel: [    0.031087] SRAT: PXM 0 -> APIC 0x36 -> Node 0
Jun 11 12:58:05 ubuntu20server kernel: [    0.031088] SRAT: PXM 0 -> APIC 0x38 -> Node 0
Jun 11 12:58:05 ubuntu20server kernel: [    0.031088] SRAT: PXM 0 -> APIC 0x3a -> Node 0
Jun 11 12:58:05 ubuntu20server kernel: [    0.031089] SRAT: PXM 0 -> APIC 0x3c -> Node 0
Jun 11 12:58:05 ubuntu20server kernel: [    0.031090] SRAT: PXM 0 -> APIC 0x3e -> Node 0
Jun 11 12:58:05 ubuntu20server kernel: [    0.031090] SRAT: PXM 0 -> APIC 0x40 -> Node 0
Jun 11 12:58:05 ubuntu20server kernel: [    0.031091] SRAT: PXM 0 -> APIC 0x42 -> Node 0
Jun 11 12:58:05 ubuntu20server kernel: [    0.031091] SRAT: PXM 0 -> APIC 0x44 -> Node 0
Jun 11 12:58:05 ubuntu20server kernel: [    0.031092] SRAT: PXM 0 -> APIC 0x46 -> Node 0
Jun 11 12:58:05 ubuntu20server kernel: [    0.031092] SRAT: PXM 0 -> APIC 0x48 -> Node 0
Jun 11 12:58:05 ubuntu20server kernel: [    0.031093] SRAT: PXM 0 -> APIC 0x4a -> Node 0
Jun 11 12:58:05 ubuntu20server kernel: [    0.031093] SRAT: PXM 0 -> APIC 0x4c -> Node 0
Jun 11 12:58:05 ubuntu20server kernel: [    0.031094] SRAT: PXM 0 -> APIC 0x4e -> Node 0
Jun 11 12:58:05 ubuntu20server kernel: [    0.031095] SRAT: PXM 0 -> APIC 0x50 -> Node 0
Jun 11 12:58:05 ubuntu20server kernel: [    0.031095] SRAT: PXM 0 -> APIC 0x52 -> Node 0
Jun 11 12:58:05 ubuntu20server kernel: [    0.031096] SRAT: PXM 0 -> APIC 0x54 -> Node 0
Jun 11 12:58:05 ubuntu20server kernel: [    0.031096] SRAT: PXM 0 -> APIC 0x56 -> Node 0
Jun 11 12:58:05 ubuntu20server kernel: [    0.031097] SRAT: PXM 0 -> APIC 0x58 -> Node 0
Jun 11 12:58:05 ubuntu20server kernel: [    0.031097] SRAT: PXM 0 -> APIC 0x5a -> Node 0
Jun 11 12:58:05 ubuntu20server kernel: [    0.031098] SRAT: PXM 0 -> APIC 0x5c -> Node 0
Jun 11 12:58:05 ubuntu20server kernel: [    0.031098] SRAT: PXM 0 -> APIC 0x5e -> Node 0
Jun 11 12:58:05 ubuntu20server kernel: [    0.031099] SRAT: PXM 0 -> APIC 0x60 -> Node 0
Jun 11 12:58:05 ubuntu20server kernel: [    0.031099] SRAT: PXM 0 -> APIC 0x62 -> Node 0
Jun 11 12:58:05 ubuntu20server kernel: [    0.031100] SRAT: PXM 0 -> APIC 0x64 -> Node 0
Jun 11 12:58:05 ubuntu20server kernel: [    0.031101] SRAT: PXM 0 -> APIC 0x66 -> Node 0
Jun 11 12:58:05 ubuntu20server kernel: [    0.031101] SRAT: PXM 0 -> APIC 0x68 -> Node 0
Jun 11 12:58:05 ubuntu20server kernel: [    0.031102] SRAT: PXM 0 -> APIC 0x6a -> Node 0
Jun 11 12:58:05 ubuntu20server kernel: [    0.031102] SRAT: PXM 0 -> APIC 0x6c -> Node 0
Jun 11 12:58:05 ubuntu20server kernel: [    0.031103] SRAT: PXM 0 -> APIC 0x6e -> Node 0
Jun 11 12:58:05 ubuntu20server kernel: [    0.031103] SRAT: PXM 0 -> APIC 0x70 -> Node 0
Jun 11 12:58:05 ubuntu20server kernel: [    0.031104] SRAT: PXM 0 -> APIC 0x72 -> Node 0
Jun 11 12:58:05 ubuntu20server kernel: [    0.031104] SRAT: PXM 0 -> APIC 0x74 -> Node 0
Jun 11 12:58:05 ubuntu20server kernel: [    0.031105] SRAT: PXM 0 -> APIC 0x76 -> Node 0
Jun 11 12:58:05 ubuntu20server kernel: [    0.031105] SRAT: PXM 0 -> APIC 0x78 -> Node 0
Jun 11 12:58:05 ubuntu20server kernel: [    0.031106] SRAT: PXM 0 -> APIC 0x7a -> Node 0
Jun 11 12:58:05 ubuntu20server kernel: [    0.031107] SRAT: PXM 0 -> APIC 0x7c -> Node 0
Jun 11 12:58:05 ubuntu20server kernel: [    0.031107] SRAT: PXM 0 -> APIC 0x7e -> Node 0
Jun 11 12:58:05 ubuntu20server kernel: [    0.031108] SRAT: PXM 0 -> APIC 0x80 -> Node 0
Jun 11 12:58:05 ubuntu20server kernel: [    0.031108] SRAT: PXM 0 -> APIC 0x82 -> Node 0
Jun 11 12:58:05 ubuntu20server kernel: [    0.031109] SRAT: PXM 0 -> APIC 0x84 -> Node 0
Jun 11 12:58:05 ubuntu20server kernel: [    0.031109] SRAT: PXM 0 -> APIC 0x86 -> Node 0
Jun 11 12:58:05 ubuntu20server kernel: [    0.031110] SRAT: PXM 0 -> APIC 0x88 -> Node 0
Jun 11 12:58:05 ubuntu20server kernel: [    0.031110] SRAT: PXM 0 -> APIC 0x8a -> Node 0
Jun 11 12:58:05 ubuntu20server kernel: [    0.031111] SRAT: PXM 0 -> APIC 0x8c -> Node 0
Jun 11 12:58:05 ubuntu20server kernel: [    0.031111] SRAT: PXM 0 -> APIC 0x8e -> Node 0
Jun 11 12:58:05 ubuntu20server kernel: [    0.031112] SRAT: PXM 0 -> APIC 0x90 -> Node 0
Jun 11 12:58:05 ubuntu20server kernel: [    0.031113] SRAT: PXM 0 -> APIC 0x92 -> Node 0
Jun 11 12:58:05 ubuntu20server kernel: [    0.031113] SRAT: PXM 0 -> APIC 0x94 -> Node 0
Jun 11 12:58:05 ubuntu20server kernel: [    0.031114] SRAT: PXM 0 -> APIC 0x96 -> Node 0
Jun 11 12:58:05 ubuntu20server kernel: [    0.031114] SRAT: PXM 0 -> APIC 0x98 -> Node 0
Jun 11 12:58:05 ubuntu20server kernel: [    0.031115] SRAT: PXM 0 -> APIC 0x9a -> Node 0
Jun 11 12:58:05 ubuntu20server kernel: [    0.031115] SRAT: PXM 0 -> APIC 0x9c -> Node 0
Jun 11 12:58:05 ubuntu20server kernel: [    0.031116] SRAT: PXM 0 -> APIC 0x9e -> Node 0
Jun 11 12:58:05 ubuntu20server kernel: [    0.031116] SRAT: PXM 0 -> APIC 0xa0 -> Node 0
Jun 11 12:58:05 ubuntu20server kernel: [    0.031117] SRAT: PXM 0 -> APIC 0xa2 -> Node 0
Jun 11 12:58:05 ubuntu20server kernel: [    0.031117] SRAT: PXM 0 -> APIC 0xa4 -> Node 0
Jun 11 12:58:05 ubuntu20server kernel: [    0.031118] SRAT: PXM 0 -> APIC 0xa6 -> Node 0
Jun 11 12:58:05 ubuntu20server kernel: [    0.031119] SRAT: PXM 0 -> APIC 0xa8 -> Node 0
Jun 11 12:58:05 ubuntu20server kernel: [    0.031119] SRAT: PXM 0 -> APIC 0xaa -> Node 0
Jun 11 12:58:05 ubuntu20server kernel: [    0.031120] SRAT: PXM 0 -> APIC 0xac -> Node 0
Jun 11 12:58:05 ubuntu20server kernel: [    0.031120] SRAT: PXM 0 -> APIC 0xae -> Node 0
Jun 11 12:58:05 ubuntu20server kernel: [    0.031121] SRAT: PXM 0 -> APIC 0xb0 -> Node 0
Jun 11 12:58:05 ubuntu20server kernel: [    0.031121] SRAT: PXM 0 -> APIC 0xb2 -> Node 0
Jun 11 12:58:05 ubuntu20server kernel: [    0.031122] SRAT: PXM 0 -> APIC 0xb4 -> Node 0
Jun 11 12:58:05 ubuntu20server kernel: [    0.031122] SRAT: PXM 0 -> APIC 0xb6 -> Node 0
Jun 11 12:58:05 ubuntu20server kernel: [    0.031123] SRAT: PXM 0 -> APIC 0xb8 -> Node 0
Jun 11 12:58:05 ubuntu20server kernel: [    0.031124] SRAT: PXM 0 -> APIC 0xba -> Node 0
Jun 11 12:58:05 ubuntu20server kernel: [    0.031124] SRAT: PXM 0 -> APIC 0xbc -> Node 0
Jun 11 12:58:05 ubuntu20server kernel: [    0.031125] SRAT: PXM 0 -> APIC 0xbe -> Node 0
Jun 11 12:58:05 ubuntu20server kernel: [    0.031125] SRAT: PXM 0 -> APIC 0xc0 -> Node 0
Jun 11 12:58:05 ubuntu20server kernel: [    0.031126] SRAT: PXM 0 -> APIC 0xc2 -> Node 0
Jun 11 12:58:05 ubuntu20server kernel: [    0.031126] SRAT: PXM 0 -> APIC 0xc4 -> Node 0
Jun 11 12:58:05 ubuntu20server kernel: [    0.031127] SRAT: PXM 0 -> APIC 0xc6 -> Node 0
Jun 11 12:58:05 ubuntu20server kernel: [    0.031127] SRAT: PXM 0 -> APIC 0xc8 -> Node 0
Jun 11 12:58:05 ubuntu20server kernel: [    0.031128] SRAT: PXM 0 -> APIC 0xca -> Node 0
Jun 11 12:58:05 ubuntu20server kernel: [    0.031128] SRAT: PXM 0 -> APIC 0xcc -> Node 0
Jun 11 12:58:05 ubuntu20server kernel: [    0.031129] SRAT: PXM 0 -> APIC 0xce -> Node 0
Jun 11 12:58:05 ubuntu20server kernel: [    0.031130] SRAT: PXM 0 -> APIC 0xd0 -> Node 0
Jun 11 12:58:05 ubuntu20server kernel: [    0.031130] SRAT: PXM 0 -> APIC 0xd2 -> Node 0
Jun 11 12:58:05 ubuntu20server kernel: [    0.031131] SRAT: PXM 0 -> APIC 0xd4 -> Node 0
Jun 11 12:58:05 ubuntu20server kernel: [    0.031131] SRAT: PXM 0 -> APIC 0xd6 -> Node 0
Jun 11 12:58:05 ubuntu20server kernel: [    0.031132] SRAT: PXM 0 -> APIC 0xd8 -> Node 0
Jun 11 12:58:05 ubuntu20server kernel: [    0.031132] SRAT: PXM 0 -> APIC 0xda -> Node 0
Jun 11 12:58:05 ubuntu20server kernel: [    0.031133] SRAT: PXM 0 -> APIC 0xdc -> Node 0
Jun 11 12:58:05 ubuntu20server kernel: [    0.031133] SRAT: PXM 0 -> APIC 0xde -> Node 0
Jun 11 12:58:05 ubuntu20server kernel: [    0.031134] SRAT: PXM 0 -> APIC 0xe0 -> Node 0
Jun 11 12:58:05 ubuntu20server kernel: [    0.031134] SRAT: PXM 0 -> APIC 0xe2 -> Node 0
Jun 11 12:58:05 ubuntu20server kernel: [    0.031135] SRAT: PXM 0 -> APIC 0xe4 -> Node 0
Jun 11 12:58:05 ubuntu20server kernel: [    0.031136] SRAT: PXM 0 -> APIC 0xe6 -> Node 0
Jun 11 12:58:05 ubuntu20server kernel: [    0.031136] SRAT: PXM 0 -> APIC 0xe8 -> Node 0
Jun 11 12:58:05 ubuntu20server kernel: [    0.031137] SRAT: PXM 0 -> APIC 0xea -> Node 0
Jun 11 12:58:05 ubuntu20server kernel: [    0.031137] SRAT: PXM 0 -> APIC 0xec -> Node 0
Jun 11 12:58:05 ubuntu20server kernel: [    0.031138] SRAT: PXM 0 -> APIC 0xee -> Node 0
Jun 11 12:58:05 ubuntu20server kernel: [    0.031138] SRAT: PXM 0 -> APIC 0xf0 -> Node 0
Jun 11 12:58:05 ubuntu20server kernel: [    0.031139] SRAT: PXM 0 -> APIC 0xf2 -> Node 0
Jun 11 12:58:05 ubuntu20server kernel: [    0.031139] SRAT: PXM 0 -> APIC 0xf4 -> Node 0
Jun 11 12:58:05 ubuntu20server kernel: [    0.031140] SRAT: PXM 0 -> APIC 0xf6 -> Node 0
Jun 11 12:58:05 ubuntu20server kernel: [    0.031140] SRAT: PXM 0 -> APIC 0xf8 -> Node 0
Jun 11 12:58:05 ubuntu20server kernel: [    0.031141] SRAT: PXM 0 -> APIC 0xfa -> Node 0
Jun 11 12:58:05 ubuntu20server kernel: [    0.031142] SRAT: PXM 0 -> APIC 0xfc -> Node 0
Jun 11 12:58:05 ubuntu20server kernel: [    0.031142] SRAT: PXM 0 -> APIC 0xfe -> Node 0
Jun 11 12:58:05 ubuntu20server kernel: [    0.031146] ACPI: SRAT: Node 0 PXM 0 [mem 0x00000000-0x0009ffff]
Jun 11 12:58:05 ubuntu20server kernel: [    0.031147] ACPI: SRAT: Node 0 PXM 0 [mem 0x00100000-0xbfffffff]
Jun 11 12:58:05 ubuntu20server kernel: [    0.031148] ACPI: SRAT: Node 0 PXM 0 [mem 0x100000000-0x13fffffff]
Jun 11 12:58:05 ubuntu20server kernel: [    0.031148] ACPI: SRAT: Node 0 PXM 0 [mem 0x140000000-0x103fffffff] hotplug
Jun 11 12:58:05 ubuntu20server kernel: [    0.031151] NUMA: Node 0 [mem 0x00000000-0x0009ffff] + [mem 0x00100000-0xbfffffff] -> [mem 0x00000000-0xbfffffff]
Jun 11 12:58:05 ubuntu20server kernel: [    0.031152] NUMA: Node 0 [mem 0x00000000-0xbfffffff] + [mem 0x100000000-0x13fffffff] -> [mem 0x00000000-0x13fffffff]
Jun 11 12:58:05 ubuntu20server kernel: [    0.031159] NODE_DATA(0) allocated [mem 0x13ffd3000-0x13fffdfff]
Jun 11 12:58:05 ubuntu20server kernel: [    0.031497] Zone ranges:
Jun 11 12:58:05 ubuntu20server kernel: [    0.031499]   DMA      [mem 0x0000000000001000-0x0000000000ffffff]
Jun 11 12:58:05 ubuntu20server kernel: [    0.031500]   DMA32    [mem 0x0000000001000000-0x00000000ffffffff]
Jun 11 12:58:05 ubuntu20server kernel: [    0.031501]   Normal   [mem 0x0000000100000000-0x000000013fffffff]
Jun 11 12:58:05 ubuntu20server kernel: [    0.031502]   Device   empty
Jun 11 12:58:05 ubuntu20server kernel: [    0.031503] Movable zone start for each node
Jun 11 12:58:05 ubuntu20server kernel: [    0.031505] Early memory node ranges
Jun 11 12:58:05 ubuntu20server kernel: [    0.031506]   node   0: [mem 0x0000000000001000-0x000000000009dfff]
Jun 11 12:58:05 ubuntu20server kernel: [    0.031507]   node   0: [mem 0x0000000000100000-0x00000000bfecffff]
Jun 11 12:58:05 ubuntu20server kernel: [    0.031508]   node   0: [mem 0x00000000bff00000-0x00000000bfffffff]
Jun 11 12:58:05 ubuntu20server kernel: [    0.031508]   node   0: [mem 0x0000000100000000-0x000000013fffffff]
Jun 11 12:58:05 ubuntu20server kernel: [    0.031526] Zeroed struct page in unavailable ranges: 147 pages
Jun 11 12:58:05 ubuntu20server kernel: [    0.031527] Initmem setup node 0 [mem 0x0000000000001000-0x000000013fffffff]
Jun 11 12:58:05 ubuntu20server kernel: [    0.031529] On node 0 totalpages: 1048429
Jun 11 12:58:05 ubuntu20server kernel: [    0.031530]   DMA zone: 64 pages used for memmap
Jun 11 12:58:05 ubuntu20server kernel: [    0.031530]   DMA zone: 21 pages reserved
Jun 11 12:58:05 ubuntu20server kernel: [    0.031531]   DMA zone: 3997 pages, LIFO batch:0
Jun 11 12:58:05 ubuntu20server kernel: [    0.031770]   DMA32 zone: 12224 pages used for memmap
Jun 11 12:58:05 ubuntu20server kernel: [    0.031771]   DMA32 zone: 782288 pages, LIFO batch:63
Jun 11 12:58:05 ubuntu20server kernel: [    0.078248]   Normal zone: 4096 pages used for memmap
Jun 11 12:58:05 ubuntu20server kernel: [    0.078250]   Normal zone: 262144 pages, LIFO batch:63
Jun 11 12:58:05 ubuntu20server kernel: [    0.101502] ACPI: PM-Timer IO Port: 0x1008
Jun 11 12:58:05 ubuntu20server kernel: [    0.101505] ACPI: Local APIC address 0xfee00000
Jun 11 12:58:05 ubuntu20server kernel: [    0.101517] system APIC only can use physical flat
Jun 11 12:58:05 ubuntu20server kernel: [    0.101529] ACPI: LAPIC_NMI (acpi_id[0x00] high edge lint[0x1])
Jun 11 12:58:05 ubuntu20server kernel: [    0.101530] ACPI: LAPIC_NMI (acpi_id[0x01] high edge lint[0x1])
Jun 11 12:58:05 ubuntu20server kernel: [    0.101531] ACPI: LAPIC_NMI (acpi_id[0x02] high edge lint[0x1])
Jun 11 12:58:05 ubuntu20server kernel: [    0.101531] ACPI: LAPIC_NMI (acpi_id[0x03] high edge lint[0x1])
Jun 11 12:58:05 ubuntu20server kernel: [    0.101531] ACPI: LAPIC_NMI (acpi_id[0x04] high edge lint[0x1])
Jun 11 12:58:05 ubuntu20server kernel: [    0.101532] ACPI: LAPIC_NMI (acpi_id[0x05] high edge lint[0x1])
Jun 11 12:58:05 ubuntu20server kernel: [    0.101532] ACPI: LAPIC_NMI (acpi_id[0x06] high edge lint[0x1])
Jun 11 12:58:05 ubuntu20server kernel: [    0.101533] ACPI: LAPIC_NMI (acpi_id[0x07] high edge lint[0x1])
Jun 11 12:58:05 ubuntu20server kernel: [    0.101533] ACPI: LAPIC_NMI (acpi_id[0x08] high edge lint[0x1])
Jun 11 12:58:05 ubuntu20server kernel: [    0.101534] ACPI: LAPIC_NMI (acpi_id[0x09] high edge lint[0x1])
Jun 11 12:58:05 ubuntu20server kernel: [    0.101534] ACPI: LAPIC_NMI (acpi_id[0x0a] high edge lint[0x1])
Jun 11 12:58:05 ubuntu20server kernel: [    0.101535] ACPI: LAPIC_NMI (acpi_id[0x0b] high edge lint[0x1])
Jun 11 12:58:05 ubuntu20server kernel: [    0.101535] ACPI: LAPIC_NMI (acpi_id[0x0c] high edge lint[0x1])
Jun 11 12:58:05 ubuntu20server kernel: [    0.101536] ACPI: LAPIC_NMI (acpi_id[0x0d] high edge lint[0x1])
Jun 11 12:58:05 ubuntu20server kernel: [    0.101536] ACPI: LAPIC_NMI (acpi_id[0x0e] high edge lint[0x1])
Jun 11 12:58:05 ubuntu20server kernel: [    0.101537] ACPI: LAPIC_NMI (acpi_id[0x0f] high edge lint[0x1])
Jun 11 12:58:05 ubuntu20server kernel: [    0.101537] ACPI: LAPIC_NMI (acpi_id[0x10] high edge lint[0x1])
Jun 11 12:58:05 ubuntu20server kernel: [    0.101538] ACPI: LAPIC_NMI (acpi_id[0x11] high edge lint[0x1])
Jun 11 12:58:05 ubuntu20server kernel: [    0.101538] ACPI: LAPIC_NMI (acpi_id[0x12] high edge lint[0x1])
Jun 11 12:58:05 ubuntu20server kernel: [    0.101539] ACPI: LAPIC_NMI (acpi_id[0x13] high edge lint[0x1])
Jun 11 12:58:05 ubuntu20server kernel: [    0.101539] ACPI: LAPIC_NMI (acpi_id[0x14] high edge lint[0x1])
Jun 11 12:58:05 ubuntu20server kernel: [    0.101540] ACPI: LAPIC_NMI (acpi_id[0x15] high edge lint[0x1])
Jun 11 12:58:05 ubuntu20server kernel: [    0.101540] ACPI: LAPIC_NMI (acpi_id[0x16] high edge lint[0x1])
Jun 11 12:58:05 ubuntu20server kernel: [    0.101541] ACPI: LAPIC_NMI (acpi_id[0x17] high edge lint[0x1])
Jun 11 12:58:05 ubuntu20server kernel: [    0.101541] ACPI: LAPIC_NMI (acpi_id[0x18] high edge lint[0x1])
Jun 11 12:58:05 ubuntu20server kernel: [    0.101542] ACPI: LAPIC_NMI (acpi_id[0x19] high edge lint[0x1])
Jun 11 12:58:05 ubuntu20server kernel: [    0.101542] ACPI: LAPIC_NMI (acpi_id[0x1a] high edge lint[0x1])
Jun 11 12:58:05 ubuntu20server kernel: [    0.101543] ACPI: LAPIC_NMI (acpi_id[0x1b] high edge lint[0x1])
Jun 11 12:58:05 ubuntu20server kernel: [    0.101543] ACPI: LAPIC_NMI (acpi_id[0x1c] high edge lint[0x1])
Jun 11 12:58:05 ubuntu20server kernel: [    0.101544] ACPI: LAPIC_NMI (acpi_id[0x1d] high edge lint[0x1])
Jun 11 12:58:05 ubuntu20server kernel: [    0.101544] ACPI: LAPIC_NMI (acpi_id[0x1e] high edge lint[0x1])
Jun 11 12:58:05 ubuntu20server kernel: [    0.101545] ACPI: LAPIC_NMI (acpi_id[0x1f] high edge lint[0x1])
Jun 11 12:58:05 ubuntu20server kernel: [    0.101545] ACPI: LAPIC_NMI (acpi_id[0x20] high edge lint[0x1])
Jun 11 12:58:05 ubuntu20server kernel: [    0.101546] ACPI: LAPIC_NMI (acpi_id[0x21] high edge lint[0x1])
Jun 11 12:58:05 ubuntu20server kernel: [    0.101546] ACPI: LAPIC_NMI (acpi_id[0x22] high edge lint[0x1])
Jun 11 12:58:05 ubuntu20server kernel: [    0.101547] ACPI: LAPIC_NMI (acpi_id[0x23] high edge lint[0x1])
Jun 11 12:58:05 ubuntu20server kernel: [    0.101547] ACPI: LAPIC_NMI (acpi_id[0x24] high edge lint[0x1])
Jun 11 12:58:05 ubuntu20server kernel: [    0.101548] ACPI: LAPIC_NMI (acpi_id[0x25] high edge lint[0x1])
Jun 11 12:58:05 ubuntu20server kernel: [    0.101548] ACPI: LAPIC_NMI (acpi_id[0x26] high edge lint[0x1])
Jun 11 12:58:05 ubuntu20server kernel: [    0.101549] ACPI: LAPIC_NMI (acpi_id[0x27] high edge lint[0x1])
Jun 11 12:58:05 ubuntu20server kernel: [    0.101549] ACPI: LAPIC_NMI (acpi_id[0x28] high edge lint[0x1])
Jun 11 12:58:05 ubuntu20server kernel: [    0.101550] ACPI: LAPIC_NMI (acpi_id[0x29] high edge lint[0x1])
Jun 11 12:58:05 ubuntu20server kernel: [    0.101550] ACPI: LAPIC_NMI (acpi_id[0x2a] high edge lint[0x1])
Jun 11 12:58:05 ubuntu20server kernel: [    0.101550] ACPI: LAPIC_NMI (acpi_id[0x2b] high edge lint[0x1])
Jun 11 12:58:05 ubuntu20server kernel: [    0.101551] ACPI: LAPIC_NMI (acpi_id[0x2c] high edge lint[0x1])
Jun 11 12:58:05 ubuntu20server kernel: [    0.101552] ACPI: LAPIC_NMI (acpi_id[0x2d] high edge lint[0x1])
Jun 11 12:58:05 ubuntu20server kernel: [    0.101552] ACPI: LAPIC_NMI (acpi_id[0x2e] high edge lint[0x1])
Jun 11 12:58:05 ubuntu20server kernel: [    0.101552] ACPI: LAPIC_NMI (acpi_id[0x2f] high edge lint[0x1])
Jun 11 12:58:05 ubuntu20server kernel: [    0.101553] ACPI: LAPIC_NMI (acpi_id[0x30] high edge lint[0x1])
Jun 11 12:58:05 ubuntu20server kernel: [    0.101553] ACPI: LAPIC_NMI (acpi_id[0x31] high edge lint[0x1])
Jun 11 12:58:05 ubuntu20server kernel: [    0.101554] ACPI: LAPIC_NMI (acpi_id[0x32] high edge lint[0x1])
Jun 11 12:58:05 ubuntu20server kernel: [    0.101554] ACPI: LAPIC_NMI (acpi_id[0x33] high edge lint[0x1])
Jun 11 12:58:05 ubuntu20server kernel: [    0.101555] ACPI: LAPIC_NMI (acpi_id[0x34] high edge lint[0x1])
Jun 11 12:58:05 ubuntu20server kernel: [    0.101555] ACPI: LAPIC_NMI (acpi_id[0x35] high edge lint[0x1])
Jun 11 12:58:05 ubuntu20server kernel: [    0.101556] ACPI: LAPIC_NMI (acpi_id[0x36] high edge lint[0x1])
Jun 11 12:58:05 ubuntu20server kernel: [    0.101556] ACPI: LAPIC_NMI (acpi_id[0x37] high edge lint[0x1])
Jun 11 12:58:05 ubuntu20server kernel: [    0.101557] ACPI: LAPIC_NMI (acpi_id[0x38] high edge lint[0x1])
Jun 11 12:58:05 ubuntu20server kernel: [    0.101557] ACPI: LAPIC_NMI (acpi_id[0x39] high edge lint[0x1])
Jun 11 12:58:05 ubuntu20server kernel: [    0.101558] ACPI: LAPIC_NMI (acpi_id[0x3a] high edge lint[0x1])
Jun 11 12:58:05 ubuntu20server kernel: [    0.101558] ACPI: LAPIC_NMI (acpi_id[0x3b] high edge lint[0x1])
Jun 11 12:58:05 ubuntu20server kernel: [    0.101559] ACPI: LAPIC_NMI (acpi_id[0x3c] high edge lint[0x1])
Jun 11 12:58:05 ubuntu20server kernel: [    0.101559] ACPI: LAPIC_NMI (acpi_id[0x3d] high edge lint[0x1])
Jun 11 12:58:05 ubuntu20server kernel: [    0.101560] ACPI: LAPIC_NMI (acpi_id[0x3e] high edge lint[0x1])
Jun 11 12:58:05 ubuntu20server kernel: [    0.101560] ACPI: LAPIC_NMI (acpi_id[0x3f] high edge lint[0x1])
Jun 11 12:58:05 ubuntu20server kernel: [    0.101561] ACPI: LAPIC_NMI (acpi_id[0x40] high edge lint[0x1])
Jun 11 12:58:05 ubuntu20server kernel: [    0.101561] ACPI: LAPIC_NMI (acpi_id[0x41] high edge lint[0x1])
Jun 11 12:58:05 ubuntu20server kernel: [    0.101562] ACPI: LAPIC_NMI (acpi_id[0x42] high edge lint[0x1])
Jun 11 12:58:05 ubuntu20server kernel: [    0.101562] ACPI: LAPIC_NMI (acpi_id[0x43] high edge lint[0x1])
Jun 11 12:58:05 ubuntu20server kernel: [    0.101563] ACPI: LAPIC_NMI (acpi_id[0x44] high edge lint[0x1])
Jun 11 12:58:05 ubuntu20server kernel: [    0.101563] ACPI: LAPIC_NMI (acpi_id[0x45] high edge lint[0x1])
Jun 11 12:58:05 ubuntu20server kernel: [    0.101564] ACPI: LAPIC_NMI (acpi_id[0x46] high edge lint[0x1])
Jun 11 12:58:05 ubuntu20server kernel: [    0.101564] ACPI: LAPIC_NMI (acpi_id[0x47] high edge lint[0x1])
Jun 11 12:58:05 ubuntu20server kernel: [    0.101565] ACPI: LAPIC_NMI (acpi_id[0x48] high edge lint[0x1])
Jun 11 12:58:05 ubuntu20server kernel: [    0.101565] ACPI: LAPIC_NMI (acpi_id[0x49] high edge lint[0x1])
Jun 11 12:58:05 ubuntu20server kernel: [    0.101566] ACPI: LAPIC_NMI (acpi_id[0x4a] high edge lint[0x1])
Jun 11 12:58:05 ubuntu20server kernel: [    0.101566] ACPI: LAPIC_NMI (acpi_id[0x4b] high edge lint[0x1])
Jun 11 12:58:05 ubuntu20server kernel: [    0.101567] ACPI: LAPIC_NMI (acpi_id[0x4c] high edge lint[0x1])
Jun 11 12:58:05 ubuntu20server kernel: [    0.101567] ACPI: LAPIC_NMI (acpi_id[0x4d] high edge lint[0x1])
Jun 11 12:58:05 ubuntu20server kernel: [    0.101568] ACPI: LAPIC_NMI (acpi_id[0x4e] high edge lint[0x1])
Jun 11 12:58:05 ubuntu20server kernel: [    0.101568] ACPI: LAPIC_NMI (acpi_id[0x4f] high edge lint[0x1])
Jun 11 12:58:05 ubuntu20server kernel: [    0.101569] ACPI: LAPIC_NMI (acpi_id[0x50] high edge lint[0x1])
Jun 11 12:58:05 ubuntu20server kernel: [    0.101569] ACPI: LAPIC_NMI (acpi_id[0x51] high edge lint[0x1])
Jun 11 12:58:05 ubuntu20server kernel: [    0.101569] ACPI: LAPIC_NMI (acpi_id[0x52] high edge lint[0x1])
Jun 11 12:58:05 ubuntu20server kernel: [    0.101570] ACPI: LAPIC_NMI (acpi_id[0x53] high edge lint[0x1])
Jun 11 12:58:05 ubuntu20server kernel: [    0.101570] ACPI: LAPIC_NMI (acpi_id[0x54] high edge lint[0x1])
Jun 11 12:58:05 ubuntu20server kernel: [    0.101571] ACPI: LAPIC_NMI (acpi_id[0x55] high edge lint[0x1])
Jun 11 12:58:05 ubuntu20server kernel: [    0.101571] ACPI: LAPIC_NMI (acpi_id[0x56] high edge lint[0x1])
Jun 11 12:58:05 ubuntu20server kernel: [    0.101572] ACPI: LAPIC_NMI (acpi_id[0x57] high edge lint[0x1])
Jun 11 12:58:05 ubuntu20server kernel: [    0.101572] ACPI: LAPIC_NMI (acpi_id[0x58] high edge lint[0x1])
Jun 11 12:58:05 ubuntu20server kernel: [    0.101573] ACPI: LAPIC_NMI (acpi_id[0x59] high edge lint[0x1])
Jun 11 12:58:05 ubuntu20server kernel: [    0.101573] ACPI: LAPIC_NMI (acpi_id[0x5a] high edge lint[0x1])
Jun 11 12:58:05 ubuntu20server kernel: [    0.101574] ACPI: LAPIC_NMI (acpi_id[0x5b] high edge lint[0x1])
Jun 11 12:58:05 ubuntu20server kernel: [    0.101574] ACPI: LAPIC_NMI (acpi_id[0x5c] high edge lint[0x1])
Jun 11 12:58:05 ubuntu20server kernel: [    0.101575] ACPI: LAPIC_NMI (acpi_id[0x5d] high edge lint[0x1])
Jun 11 12:58:05 ubuntu20server kernel: [    0.101575] ACPI: LAPIC_NMI (acpi_id[0x5e] high edge lint[0x1])
Jun 11 12:58:05 ubuntu20server kernel: [    0.101576] ACPI: LAPIC_NMI (acpi_id[0x5f] high edge lint[0x1])
Jun 11 12:58:05 ubuntu20server kernel: [    0.101576] ACPI: LAPIC_NMI (acpi_id[0x60] high edge lint[0x1])
Jun 11 12:58:05 ubuntu20server kernel: [    0.101577] ACPI: LAPIC_NMI (acpi_id[0x61] high edge lint[0x1])
Jun 11 12:58:05 ubuntu20server kernel: [    0.101577] ACPI: LAPIC_NMI (acpi_id[0x62] high edge lint[0x1])
Jun 11 12:58:05 ubuntu20server kernel: [    0.101578] ACPI: LAPIC_NMI (acpi_id[0x63] high edge lint[0x1])
Jun 11 12:58:05 ubuntu20server kernel: [    0.101578] ACPI: LAPIC_NMI (acpi_id[0x64] high edge lint[0x1])
Jun 11 12:58:05 ubuntu20server kernel: [    0.101579] ACPI: LAPIC_NMI (acpi_id[0x65] high edge lint[0x1])
Jun 11 12:58:05 ubuntu20server kernel: [    0.101579] ACPI: LAPIC_NMI (acpi_id[0x66] high edge lint[0x1])
Jun 11 12:58:05 ubuntu20server kernel: [    0.101580] ACPI: LAPIC_NMI (acpi_id[0x67] high edge lint[0x1])
Jun 11 12:58:05 ubuntu20server kernel: [    0.101580] ACPI: LAPIC_NMI (acpi_id[0x68] high edge lint[0x1])
Jun 11 12:58:05 ubuntu20server kernel: [    0.101581] ACPI: LAPIC_NMI (acpi_id[0x69] high edge lint[0x1])
Jun 11 12:58:05 ubuntu20server kernel: [    0.101581] ACPI: LAPIC_NMI (acpi_id[0x6a] high edge lint[0x1])
Jun 11 12:58:05 ubuntu20server kernel: [    0.101582] ACPI: LAPIC_NMI (acpi_id[0x6b] high edge lint[0x1])
Jun 11 12:58:05 ubuntu20server kernel: [    0.101582] ACPI: LAPIC_NMI (acpi_id[0x6c] high edge lint[0x1])
Jun 11 12:58:05 ubuntu20server kernel: [    0.101583] ACPI: LAPIC_NMI (acpi_id[0x6d] high edge lint[0x1])
Jun 11 12:58:05 ubuntu20server kernel: [    0.101583] ACPI: LAPIC_NMI (acpi_id[0x6e] high edge lint[0x1])
Jun 11 12:58:05 ubuntu20server kernel: [    0.101584] ACPI: LAPIC_NMI (acpi_id[0x6f] high edge lint[0x1])
Jun 11 12:58:05 ubuntu20server kernel: [    0.101584] ACPI: LAPIC_NMI (acpi_id[0x70] high edge lint[0x1])
Jun 11 12:58:05 ubuntu20server kernel: [    0.101585] ACPI: LAPIC_NMI (acpi_id[0x71] high edge lint[0x1])
Jun 11 12:58:05 ubuntu20server kernel: [    0.101585] ACPI: LAPIC_NMI (acpi_id[0x72] high edge lint[0x1])
Jun 11 12:58:05 ubuntu20server kernel: [    0.101586] ACPI: LAPIC_NMI (acpi_id[0x73] high edge lint[0x1])
Jun 11 12:58:05 ubuntu20server kernel: [    0.101586] ACPI: LAPIC_NMI (acpi_id[0x74] high edge lint[0x1])
Jun 11 12:58:05 ubuntu20server kernel: [    0.101587] ACPI: LAPIC_NMI (acpi_id[0x75] high edge lint[0x1])
Jun 11 12:58:05 ubuntu20server kernel: [    0.101587] ACPI: LAPIC_NMI (acpi_id[0x76] high edge lint[0x1])
Jun 11 12:58:05 ubuntu20server kernel: [    0.101587] ACPI: LAPIC_NMI (acpi_id[0x77] high edge lint[0x1])
Jun 11 12:58:05 ubuntu20server kernel: [    0.101588] ACPI: LAPIC_NMI (acpi_id[0x78] high edge lint[0x1])
Jun 11 12:58:05 ubuntu20server kernel: [    0.101588] ACPI: LAPIC_NMI (acpi_id[0x79] high edge lint[0x1])
Jun 11 12:58:05 ubuntu20server kernel: [    0.101589] ACPI: LAPIC_NMI (acpi_id[0x7a] high edge lint[0x1])
Jun 11 12:58:05 ubuntu20server kernel: [    0.101589] ACPI: LAPIC_NMI (acpi_id[0x7b] high edge lint[0x1])
Jun 11 12:58:05 ubuntu20server kernel: [    0.101590] ACPI: LAPIC_NMI (acpi_id[0x7c] high edge lint[0x1])
Jun 11 12:58:05 ubuntu20server kernel: [    0.101590] ACPI: LAPIC_NMI (acpi_id[0x7d] high edge lint[0x1])
Jun 11 12:58:05 ubuntu20server kernel: [    0.101591] ACPI: LAPIC_NMI (acpi_id[0x7e] high edge lint[0x1])
Jun 11 12:58:05 ubuntu20server kernel: [    0.101591] ACPI: LAPIC_NMI (acpi_id[0x7f] high edge lint[0x1])
Jun 11 12:58:05 ubuntu20server kernel: [    0.101693] IOAPIC[0]: apic_id 1, version 32, address 0xfec00000, GSI 0-23
Jun 11 12:58:05 ubuntu20server kernel: [    0.101697] ACPI: INT_SRC_OVR (bus 0 bus_irq 0 global_irq 2 high edge)
Jun 11 12:58:05 ubuntu20server kernel: [    0.101700] ACPI: IRQ0 used by override.
Jun 11 12:58:05 ubuntu20server kernel: [    0.101700] ACPI: IRQ9 used by override.
Jun 11 12:58:05 ubuntu20server kernel: [    0.101703] Using ACPI (MADT) for SMP configuration information
Jun 11 12:58:05 ubuntu20server kernel: [    0.101704] ACPI: HPET id: 0x8086af01 base: 0xfed00000
Jun 11 12:58:05 ubuntu20server kernel: [    0.101708] TSC deadline timer available
Jun 11 12:58:05 ubuntu20server kernel: [    0.101736] smpboot: Allowing 128 CPUs, 126 hotplug CPUs
Jun 11 12:58:05 ubuntu20server kernel: [    0.101748] PM: Registered nosave memory: [mem 0x00000000-0x00000fff]
Jun 11 12:58:05 ubuntu20server kernel: [    0.101749] PM: Registered nosave memory: [mem 0x0009e000-0x0009efff]
Jun 11 12:58:05 ubuntu20server kernel: [    0.101749] PM: Registered nosave memory: [mem 0x0009f000-0x0009ffff]
Jun 11 12:58:05 ubuntu20server kernel: [    0.101750] PM: Registered nosave memory: [mem 0x000a0000-0x000dbfff]
Jun 11 12:58:05 ubuntu20server kernel: [    0.101750] PM: Registered nosave memory: [mem 0x000dc000-0x000fffff]
Jun 11 12:58:05 ubuntu20server kernel: [    0.101751] PM: Registered nosave memory: [mem 0xbfed0000-0xbfefefff]
Jun 11 12:58:05 ubuntu20server kernel: [    0.101752] PM: Registered nosave memory: [mem 0xbfeff000-0xbfefffff]
Jun 11 12:58:05 ubuntu20server kernel: [    0.101757] PM: Registered nosave memory: [mem 0xc0000000-0xefffffff]
Jun 11 12:58:05 ubuntu20server kernel: [    0.101758] PM: Registered nosave memory: [mem 0xf0000000-0xf7ffffff]
Jun 11 12:58:05 ubuntu20server kernel: [    0.101759] PM: Registered nosave memory: [mem 0xf8000000-0xfebfffff]
Jun 11 12:58:05 ubuntu20server kernel: [    0.101759] PM: Registered nosave memory: [mem 0xfec00000-0xfec0ffff]
Jun 11 12:58:05 ubuntu20server kernel: [    0.101760] PM: Registered nosave memory: [mem 0xfec10000-0xfedfffff]
Jun 11 12:58:05 ubuntu20server kernel: [    0.101760] PM: Registered nosave memory: [mem 0xfee00000-0xfee00fff]
Jun 11 12:58:05 ubuntu20server kernel: [    0.101761] PM: Registered nosave memory: [mem 0xfee01000-0xfffdffff]
Jun 11 12:58:05 ubuntu20server kernel: [    0.101761] PM: Registered nosave memory: [mem 0xfffe0000-0xffffffff]
Jun 11 12:58:05 ubuntu20server kernel: [    0.101763] [mem 0xc0000000-0xefffffff] available for PCI devices
Jun 11 12:58:05 ubuntu20server kernel: [    0.101763] Booting paravirtualized kernel on VMware hypervisor
Jun 11 12:58:05 ubuntu20server kernel: [    0.101766] clocksource: refined-jiffies: mask: 0xffffffff max_cycles: 0xffffffff, max_idle_ns: 7645519600211568 ns
Jun 11 12:58:05 ubuntu20server kernel: [    0.101769] setup_percpu: NR_CPUS:8192 nr_cpumask_bits:128 nr_cpu_ids:128 nr_node_ids:1
Jun 11 12:58:05 ubuntu20server kernel: [    0.127791] percpu: Embedded 55 pages/cpu s188416 r8192 d28672 u262144
Jun 11 12:58:05 ubuntu20server kernel: [    0.127803] pcpu-alloc: s188416 r8192 d28672 u262144 alloc=1*2097152
Jun 11 12:58:05 ubuntu20server kernel: [    0.127803] pcpu-alloc: [0] 000 001 002 003 004 005 006 007 
Jun 11 12:58:05 ubuntu20server kernel: [    0.127805] pcpu-alloc: [0] 008 009 010 011 012 013 014 015 
Jun 11 12:58:05 ubuntu20server kernel: [    0.127806] pcpu-alloc: [0] 016 017 018 019 020 021 022 023 
Jun 11 12:58:05 ubuntu20server kernel: [    0.127807] pcpu-alloc: [0] 024 025 026 027 028 029 030 031 
Jun 11 12:58:05 ubuntu20server kernel: [    0.127809] pcpu-alloc: [0] 032 033 034 035 036 037 038 039 
Jun 11 12:58:05 ubuntu20server kernel: [    0.127810] pcpu-alloc: [0] 040 041 042 043 044 045 046 047 
Jun 11 12:58:05 ubuntu20server kernel: [    0.127811] pcpu-alloc: [0] 048 049 050 051 052 053 054 055 
Jun 11 12:58:05 ubuntu20server kernel: [    0.127812] pcpu-alloc: [0] 056 057 058 059 060 061 062 063 
Jun 11 12:58:05 ubuntu20server kernel: [    0.127813] pcpu-alloc: [0] 064 065 066 067 068 069 070 071 
Jun 11 12:58:05 ubuntu20server kernel: [    0.127814] pcpu-alloc: [0] 072 073 074 075 076 077 078 079 
Jun 11 12:58:05 ubuntu20server kernel: [    0.127815] pcpu-alloc: [0] 080 081 082 083 084 085 086 087 
Jun 11 12:58:05 ubuntu20server kernel: [    0.127817] pcpu-alloc: [0] 088 089 090 091 092 093 094 095 
Jun 11 12:58:05 ubuntu20server kernel: [    0.127818] pcpu-alloc: [0] 096 097 098 099 100 101 102 103 
Jun 11 12:58:05 ubuntu20server kernel: [    0.127819] pcpu-alloc: [0] 104 105 106 107 108 109 110 111 
Jun 11 12:58:05 ubuntu20server kernel: [    0.127820] pcpu-alloc: [0] 112 113 114 115 116 117 118 119 
Jun 11 12:58:05 ubuntu20server kernel: [    0.127821] pcpu-alloc: [0] 120 121 122 123 124 125 126 127 
Jun 11 12:58:05 ubuntu20server kernel: [    0.127862] Built 1 zonelists, mobility grouping on.  Total pages: 1032024
Jun 11 12:58:05 ubuntu20server kernel: [    0.127864] Policy zone: Normal
Jun 11 12:58:05 ubuntu20server kernel: [    0.127865] Kernel command line: BOOT_IMAGE=/vmlinuz-5.4.0-74-generic root=/dev/mapper/ubuntu--vg-ubuntu--lv ro maybe-ubiquity
Jun 11 12:58:05 ubuntu20server kernel: [    0.127912] printk: log_buf_len individual max cpu contribution: 4096 bytes
Jun 11 12:58:05 ubuntu20server kernel: [    0.127913] printk: log_buf_len total cpu_extra contributions: 520192 bytes
Jun 11 12:58:05 ubuntu20server kernel: [    0.127913] printk: log_buf_len min size: 262144 bytes
Jun 11 12:58:05 ubuntu20server kernel: [    0.128698] printk: log_buf_len: 1048576 bytes
Jun 11 12:58:05 ubuntu20server kernel: [    0.128700] printk: early log buf free: 235808(89%)
Jun 11 12:58:05 ubuntu20server kernel: [    0.131884] Dentry cache hash table entries: 524288 (order: 10, 4194304 bytes, linear)
Jun 11 12:58:05 ubuntu20server kernel: [    0.133436] Inode-cache hash table entries: 262144 (order: 9, 2097152 bytes, linear)
Jun 11 12:58:05 ubuntu20server kernel: [    0.135169] mem auto-init: stack:off, heap alloc:on, heap free:off
Jun 11 12:58:05 ubuntu20server kernel: [    0.160458] Calgary: detecting Calgary via BIOS EBDA area
Jun 11 12:58:05 ubuntu20server kernel: [    0.160459] Calgary: Unable to locate Rio Grande table in EBDA - bailing!
Jun 11 12:58:05 ubuntu20server kernel: [    0.167263] Memory: 3911724K/4193716K available (14339K kernel code, 2400K rwdata, 5008K rodata, 2736K init, 4964K bss, 281992K reserved, 0K cma-reserved)
Jun 11 12:58:05 ubuntu20server kernel: [    0.167269] random: get_random_u64 called from kmem_cache_open+0x2d/0x410 with crng_init=0
Jun 11 12:58:05 ubuntu20server kernel: [    0.167651] SLUB: HWalign=64, Order=0-3, MinObjects=0, CPUs=128, Nodes=1
Jun 11 12:58:05 ubuntu20server kernel: [    0.167685] ftrace: allocating 44589 entries in 175 pages
Jun 11 12:58:05 ubuntu20server kernel: [    0.181401] rcu: Hierarchical RCU implementation.
Jun 11 12:58:05 ubuntu20server kernel: [    0.181403] rcu: 	RCU restricting CPUs from NR_CPUS=8192 to nr_cpu_ids=128.
Jun 11 12:58:05 ubuntu20server kernel: [    0.181404] 	Tasks RCU enabled.
Jun 11 12:58:05 ubuntu20server kernel: [    0.181405] rcu: RCU calculated value of scheduler-enlistment delay is 25 jiffies.
Jun 11 12:58:05 ubuntu20server kernel: [    0.181406] rcu: Adjusting geometry for rcu_fanout_leaf=16, nr_cpu_ids=128
Jun 11 12:58:05 ubuntu20server kernel: [    0.183747] NR_IRQS: 524544, nr_irqs: 1448, preallocated irqs: 16
Jun 11 12:58:05 ubuntu20server kernel: [    0.184110] random: crng done (trusting CPU's manufacturer)
Jun 11 12:58:05 ubuntu20server kernel: [    0.195864] Console: colour VGA+ 80x25
Jun 11 12:58:05 ubuntu20server kernel: [    0.347851] printk: console [tty0] enabled
Jun 11 12:58:05 ubuntu20server kernel: [    0.348204] ACPI: Core revision 20190816
Jun 11 12:58:05 ubuntu20server kernel: [    0.349339] clocksource: hpet: mask: 0xffffffff max_cycles: 0xffffffff, max_idle_ns: 133484882848 ns
Jun 11 12:58:05 ubuntu20server kernel: [    0.350279] APIC: Switch to symmetric I/O mode setup
Jun 11 12:58:05 ubuntu20server kernel: [    0.351166] x2apic enabled
Jun 11 12:58:05 ubuntu20server kernel: [    0.351612] Switched APIC routing to physical x2apic.
Jun 11 12:58:05 ubuntu20server kernel: [    0.353182] ..TIMER: vector=0x30 apic1=0 pin1=2 apic2=-1 pin2=-1
Jun 11 12:58:05 ubuntu20server kernel: [    0.353621] clocksource: tsc-early: mask: 0xffffffffffffffff max_cycles: 0x2135f7c97c8, max_idle_ns: 440795273205 ns
Jun 11 12:58:05 ubuntu20server kernel: [    0.354259] Calibrating delay loop (skipped) preset value.. 4608.00 BogoMIPS (lpj=9216000)
Jun 11 12:58:05 ubuntu20server kernel: [    0.358259] pid_max: default: 131072 minimum: 1024
Jun 11 12:58:05 ubuntu20server kernel: [    0.358654] LSM: Security Framework initializing
Jun 11 12:58:05 ubuntu20server kernel: [    0.358990] Yama: becoming mindful.
Jun 11 12:58:05 ubuntu20server kernel: [    0.361423] AppArmor: AppArmor initialized
Jun 11 12:58:05 ubuntu20server kernel: [    0.361808] Mount-cache hash table entries: 8192 (order: 4, 65536 bytes, linear)
Jun 11 12:58:05 ubuntu20server kernel: [    0.362310] Mountpoint-cache hash table entries: 8192 (order: 4, 65536 bytes, linear)
Jun 11 12:58:05 ubuntu20server kernel: [    0.362848] *** VALIDATE tmpfs ***
Jun 11 12:58:05 ubuntu20server kernel: [    0.363360] *** VALIDATE proc ***
Jun 11 12:58:05 ubuntu20server kernel: [    0.363687] *** VALIDATE cgroup1 ***
Jun 11 12:58:05 ubuntu20server kernel: [    0.363952] *** VALIDATE cgroup2 ***
Jun 11 12:58:05 ubuntu20server kernel: [    0.364505] Disabled fast string operations
Jun 11 12:58:05 ubuntu20server kernel: [    0.365210] Last level iTLB entries: 4KB 64, 2MB 8, 4MB 8
Jun 11 12:58:05 ubuntu20server kernel: [    0.365569] Last level dTLB entries: 4KB 64, 2MB 0, 4MB 0, 1GB 4
Jun 11 12:58:05 ubuntu20server kernel: [    0.366266] Spectre V1 : Mitigation: usercopy/swapgs barriers and __user pointer sanitization
Jun 11 12:58:05 ubuntu20server kernel: [    0.366802] Spectre V2 : Mitigation: Enhanced IBRS
Jun 11 12:58:05 ubuntu20server kernel: [    0.367123] Spectre V2 : Spectre v2 / SpectreRSB mitigation: Filling RSB on context switch
Jun 11 12:58:05 ubuntu20server kernel: [    0.367716] Spectre V2 : mitigation: Enabling conditional Indirect Branch Prediction Barrier
Jun 11 12:58:05 ubuntu20server kernel: [    0.368242] Speculative Store Bypass: Mitigation: Speculative Store Bypass disabled via prctl and seccomp
Jun 11 12:58:05 ubuntu20server kernel: [    0.368827] SRBDS: Mitigation: TSX disabled
Jun 11 12:58:05 ubuntu20server kernel: [    0.369439] Freeing SMP alternatives memory: 40K
Jun 11 12:58:05 ubuntu20server kernel: [    0.373867] smpboot: CPU0: Intel(R) Core(TM) i9-9880H CPU @ 2.30GHz (family: 0x6, model: 0x9e, stepping: 0xd)
Jun 11 12:58:05 ubuntu20server kernel: [    0.374256] Performance Events: Skylake events, core PMU driver.
Jun 11 12:58:05 ubuntu20server kernel: [    0.374256] core: CPUID marked event: 'cpu cycles' unavailable
Jun 11 12:58:05 ubuntu20server kernel: [    0.374256] core: CPUID marked event: 'instructions' unavailable
Jun 11 12:58:05 ubuntu20server kernel: [    0.374256] core: CPUID marked event: 'bus cycles' unavailable
Jun 11 12:58:05 ubuntu20server kernel: [    0.374256] core: CPUID marked event: 'cache references' unavailable
Jun 11 12:58:05 ubuntu20server kernel: [    0.374256] core: CPUID marked event: 'cache misses' unavailable
Jun 11 12:58:05 ubuntu20server kernel: [    0.374256] core: CPUID marked event: 'branch instructions' unavailable
Jun 11 12:58:05 ubuntu20server kernel: [    0.374256] core: CPUID marked event: 'branch misses' unavailable
Jun 11 12:58:05 ubuntu20server kernel: [    0.374256] ... version:                1
Jun 11 12:58:05 ubuntu20server kernel: [    0.374256] ... bit width:              48
Jun 11 12:58:05 ubuntu20server kernel: [    0.374268] ... generic registers:      4
Jun 11 12:58:05 ubuntu20server kernel: [    0.374552] ... value mask:             0000ffffffffffff
Jun 11 12:58:05 ubuntu20server kernel: [    0.374901] ... max period:             000000007fffffff
Jun 11 12:58:05 ubuntu20server kernel: [    0.375251] ... fixed-purpose events:   0
Jun 11 12:58:05 ubuntu20server kernel: [    0.375533] ... event mask:             000000000000000f
Jun 11 12:58:05 ubuntu20server kernel: [    0.375950] rcu: Hierarchical SRCU implementation.
Jun 11 12:58:05 ubuntu20server kernel: [    0.376772] NMI watchdog: Perf NMI watchdog permanently disabled
Jun 11 12:58:05 ubuntu20server kernel: [    0.380567] smp: Bringing up secondary CPUs ...
Jun 11 12:58:05 ubuntu20server kernel: [    0.381144] x86: Booting SMP configuration:
Jun 11 12:58:05 ubuntu20server kernel: [    0.381439] .... node  #0, CPUs:          #1
Jun 11 12:58:05 ubuntu20server kernel: [    0.170197] Disabled fast string operations
Jun 11 12:58:05 ubuntu20server kernel: [    0.170197] smpboot: CPU 1 Converting physical 2 to logical package 1
Jun 11 12:58:05 ubuntu20server kernel: [    0.170197] smpboot: CPU 1 Converting physical 0 to logical die 1
Jun 11 12:58:05 ubuntu20server kernel: [    0.382876] smp: Brought up 1 node, 2 CPUs
Jun 11 12:58:05 ubuntu20server kernel: [    0.384313] smpboot: Max logical packages: 128
Jun 11 12:58:05 ubuntu20server kernel: [    0.384621] smpboot: Total of 2 processors activated (9216.00 BogoMIPS)
Jun 11 12:58:05 ubuntu20server kernel: [    0.386906] devtmpfs: initialized
Jun 11 12:58:05 ubuntu20server kernel: [    0.386906] x86/mm: Memory block size: 128MB
Jun 11 12:58:05 ubuntu20server kernel: [    0.387283] PM: Registering ACPI NVS region [mem 0xbfeff000-0xbfefffff] (4096 bytes)
Jun 11 12:58:05 ubuntu20server kernel: [    0.387283] clocksource: jiffies: mask: 0xffffffff max_cycles: 0xffffffff, max_idle_ns: 7645041785100000 ns
Jun 11 12:58:05 ubuntu20server kernel: [    0.390988] futex hash table entries: 32768 (order: 9, 2097152 bytes, linear)
Jun 11 12:58:05 ubuntu20server kernel: [    0.391641] pinctrl core: initialized pinctrl subsystem
Jun 11 12:58:05 ubuntu20server kernel: [    0.392126] PM: RTC time: 12:57:54, date: 2021-06-11
Jun 11 12:58:05 ubuntu20server kernel: [    0.392727] NET: Registered protocol family 16
Jun 11 12:58:05 ubuntu20server kernel: [    0.393127] audit: initializing netlink subsys (disabled)
Jun 11 12:58:05 ubuntu20server kernel: [    0.393583] audit: type=2000 audit(1623416274.040:1): state=initialized audit_enabled=0 res=1
Jun 11 12:58:05 ubuntu20server kernel: [    0.393583] EISA bus registered
Jun 11 12:58:05 ubuntu20server kernel: [    0.394331] cpuidle: using governor ladder
Jun 11 12:58:05 ubuntu20server kernel: [    0.394568] cpuidle: using governor menu
Jun 11 12:58:05 ubuntu20server kernel: [    0.394877] Simple Boot Flag at 0x36 set to 0x80
Jun 11 12:58:05 ubuntu20server kernel: [    0.395265] ACPI: bus type PCI registered
Jun 11 12:58:05 ubuntu20server kernel: [    0.395610] acpiphp: ACPI Hot Plug PCI Controller Driver version: 0.5
Jun 11 12:58:05 ubuntu20server kernel: [    0.396501] PCI: MMCONFIG for domain 0000 [bus 00-7f] at [mem 0xf0000000-0xf7ffffff] (base 0xf0000000)
Jun 11 12:58:05 ubuntu20server kernel: [    0.397148] PCI: MMCONFIG at [mem 0xf0000000-0xf7ffffff] reserved in E820
Jun 11 12:58:05 ubuntu20server kernel: [    0.397590] PCI: Using configuration type 1 for base access
Jun 11 12:58:05 ubuntu20server kernel: [    0.399246] HugeTLB registered 1.00 GiB page size, pre-allocated 0 pages
Jun 11 12:58:05 ubuntu20server kernel: [    0.399246] HugeTLB registered 2.00 MiB page size, pre-allocated 0 pages
Jun 11 12:58:05 ubuntu20server kernel: [    0.406397] ACPI: Added _OSI(Module Device)
Jun 11 12:58:05 ubuntu20server kernel: [    0.406650] ACPI: Added _OSI(Processor Device)
Jun 11 12:58:05 ubuntu20server kernel: [    0.406958] ACPI: Added _OSI(3.0 _SCP Extensions)
Jun 11 12:58:05 ubuntu20server kernel: [    0.407278] ACPI: Added _OSI(Processor Aggregator Device)
Jun 11 12:58:05 ubuntu20server kernel: [    0.407634] ACPI: Added _OSI(Linux-Dell-Video)
Jun 11 12:58:05 ubuntu20server kernel: [    0.407941] ACPI: Added _OSI(Linux-Lenovo-NV-HDMI-Audio)
Jun 11 12:58:05 ubuntu20server kernel: [    0.408292] ACPI: Added _OSI(Linux-HPI-Hybrid-Graphics)
Jun 11 12:58:05 ubuntu20server kernel: [    0.422256] ACPI: 1 ACPI AML tables successfully acquired and loaded
Jun 11 12:58:05 ubuntu20server kernel: [    0.422256] ACPI: [Firmware Bug]: BIOS _OSI(Linux) query ignored
Jun 11 12:58:05 ubuntu20server kernel: [    0.446256] ACPI: Interpreter enabled
Jun 11 12:58:05 ubuntu20server kernel: [    0.446256] ACPI: (supports S0 S1 S4 S5)
Jun 11 12:58:05 ubuntu20server kernel: [    0.446256] ACPI: Using IOAPIC for interrupt routing
Jun 11 12:58:05 ubuntu20server kernel: [    0.446256] PCI: Using host bridge windows from ACPI; if necessary, use "pci=nocrs" and report a bug
Jun 11 12:58:05 ubuntu20server kernel: [    0.446256] ACPI: Enabled 4 GPEs in block 00 to 0F
Jun 11 12:58:05 ubuntu20server kernel: [    0.588756] ACPI: PCI Root Bridge [PCI0] (domain 0000 [bus 00-7f])
Jun 11 12:58:05 ubuntu20server kernel: [    0.589156] acpi PNP0A03:00: _OSC: OS supports [ExtendedConfig ASPM ClockPM Segments MSI HPX-Type3]
Jun 11 12:58:05 ubuntu20server kernel: [    0.589856] acpi PNP0A03:00: _OSC: platform does not support [AER LTR]
Jun 11 12:58:05 ubuntu20server kernel: [    0.590256] acpi PNP0A03:00: _OSC: OS now controls [PCIeHotplug SHPCHotplug PME PCIeCapability]
Jun 11 12:58:05 ubuntu20server kernel: [    0.591830] PCI host bridge to bus 0000:00
Jun 11 12:58:05 ubuntu20server kernel: [    0.592108] pci_bus 0000:00: root bus resource [mem 0x000a0000-0x000bffff window]
Jun 11 12:58:05 ubuntu20server kernel: [    0.592564] pci_bus 0000:00: root bus resource [mem 0x000d0000-0x000d3fff window]
Jun 11 12:58:05 ubuntu20server kernel: [    0.593018] pci_bus 0000:00: root bus resource [mem 0x000d4000-0x000d7fff window]
Jun 11 12:58:05 ubuntu20server kernel: [    0.593477] pci_bus 0000:00: root bus resource [mem 0x000d8000-0x000dbfff window]
Jun 11 12:58:05 ubuntu20server kernel: [    0.593934] pci_bus 0000:00: root bus resource [mem 0xc0000000-0xfebfffff window]
Jun 11 12:58:05 ubuntu20server kernel: [    0.594256] pci_bus 0000:00: root bus resource [io  0x0000-0x0cf7 window]
Jun 11 12:58:05 ubuntu20server kernel: [    0.594264] pci_bus 0000:00: root bus resource [io  0x0d00-0xfeff window]
Jun 11 12:58:05 ubuntu20server kernel: [    0.594674] pci_bus 0000:00: root bus resource [bus 00-7f]
Jun 11 12:58:05 ubuntu20server kernel: [    0.595127] pci 0000:00:00.0: [8086:7190] type 00 class 0x060000
Jun 11 12:58:05 ubuntu20server kernel: [    0.597200] pci 0000:00:01.0: [8086:7191] type 01 class 0x060400
Jun 11 12:58:05 ubuntu20server kernel: [    0.605038] pci 0000:00:07.0: [8086:7110] type 00 class 0x060100
Jun 11 12:58:05 ubuntu20server kernel: [    0.606667] pci 0000:00:07.1: [8086:7111] type 00 class 0x01018a
Jun 11 12:58:05 ubuntu20server kernel: [    0.607793] pci 0000:00:07.1: reg 0x20: [io  0x1060-0x106f]
Jun 11 12:58:05 ubuntu20server kernel: [    0.608401] pci 0000:00:07.1: legacy IDE quirk: reg 0x10: [io  0x01f0-0x01f7]
Jun 11 12:58:05 ubuntu20server kernel: [    0.608848] pci 0000:00:07.1: legacy IDE quirk: reg 0x14: [io  0x03f6]
Jun 11 12:58:05 ubuntu20server kernel: [    0.609269] pci 0000:00:07.1: legacy IDE quirk: reg 0x18: [io  0x0170-0x0177]
Jun 11 12:58:05 ubuntu20server kernel: [    0.609714] pci 0000:00:07.1: legacy IDE quirk: reg 0x1c: [io  0x0376]
Jun 11 12:58:05 ubuntu20server kernel: [    0.610297] pci 0000:00:07.3: [8086:7113] type 00 class 0x068000
Jun 11 12:58:05 ubuntu20server kernel: [    0.611440] pci 0000:00:07.3: quirk: [io  0x1000-0x103f] claimed by PIIX4 ACPI
Jun 11 12:58:05 ubuntu20server kernel: [    0.611914] pci 0000:00:07.3: quirk: [io  0x1040-0x104f] claimed by PIIX4 SMB
Jun 11 12:58:05 ubuntu20server kernel: [    0.612633] pci 0000:00:07.7: [15ad:0740] type 00 class 0x088000
Jun 11 12:58:05 ubuntu20server kernel: [    0.613261] pci 0000:00:07.7: reg 0x10: [io  0x1080-0x10bf]
Jun 11 12:58:05 ubuntu20server kernel: [    0.613811] pci 0000:00:07.7: reg 0x14: [mem 0xfebfe000-0xfebfffff 64bit]
Jun 11 12:58:05 ubuntu20server kernel: [    0.624709] pci 0000:00:0f.0: [15ad:0405] type 00 class 0x030000
Jun 11 12:58:05 ubuntu20server kernel: [    0.625874] pci 0000:00:0f.0: reg 0x10: [io  0x1070-0x107f]
Jun 11 12:58:05 ubuntu20server kernel: [    0.626659] pci 0000:00:0f.0: reg 0x14: [mem 0xe8000000-0xefffffff pref]
Jun 11 12:58:05 ubuntu20server kernel: [    0.627812] pci 0000:00:0f.0: reg 0x18: [mem 0xfe000000-0xfe7fffff]
Jun 11 12:58:05 ubuntu20server kernel: [    0.629772] pci 0000:00:0f.0: reg 0x30: [mem 0x00000000-0x00007fff pref]
Jun 11 12:58:05 ubuntu20server kernel: [    0.631832] pci 0000:00:10.0: [1000:0030] type 00 class 0x010000
Jun 11 12:58:05 ubuntu20server kernel: [    0.632543] pci 0000:00:10.0: reg 0x10: [io  0x1400-0x14ff]
Jun 11 12:58:05 ubuntu20server kernel: [    0.633121] pci 0000:00:10.0: reg 0x14: [mem 0xfeba0000-0xfebbffff 64bit]
Jun 11 12:58:05 ubuntu20server kernel: [    0.633752] pci 0000:00:10.0: reg 0x1c: [mem 0xfebc0000-0xfebdffff 64bit]
Jun 11 12:58:05 ubuntu20server kernel: [    0.634540] pci 0000:00:10.0: reg 0x30: [mem 0x00000000-0x00003fff pref]
Jun 11 12:58:05 ubuntu20server kernel: [    0.636406] pci 0000:00:11.0: [15ad:0790] type 01 class 0x060401
Jun 11 12:58:05 ubuntu20server kernel: [    0.642003] pci 0000:00:15.0: [15ad:07a0] type 01 class 0x060400
Jun 11 12:58:05 ubuntu20server kernel: [    0.642958] pci 0000:00:15.0: PME# supported from D0 D3hot D3cold
Jun 11 12:58:05 ubuntu20server kernel: [    0.643608] pci 0000:00:15.1: [15ad:07a0] type 01 class 0x060400
Jun 11 12:58:05 ubuntu20server kernel: [    0.644683] pci 0000:00:15.1: PME# supported from D0 D3hot D3cold
Jun 11 12:58:05 ubuntu20server kernel: [    0.645337] pci 0000:00:15.2: [15ad:07a0] type 01 class 0x060400
Jun 11 12:58:05 ubuntu20server kernel: [    0.646256] pci 0000:00:15.2: PME# supported from D0 D3hot D3cold
Jun 11 12:58:05 ubuntu20server kernel: [    0.646594] pci 0000:00:15.3: [15ad:07a0] type 01 class 0x060400
Jun 11 12:58:05 ubuntu20server kernel: [    0.647751] pci 0000:00:15.3: PME# supported from D0 D3hot D3cold
Jun 11 12:58:05 ubuntu20server kernel: [    0.648509] pci 0000:00:15.4: [15ad:07a0] type 01 class 0x060400
Jun 11 12:58:05 ubuntu20server kernel: [    0.649977] pci 0000:00:15.4: PME# supported from D0 D3hot D3cold
Jun 11 12:58:05 ubuntu20server kernel: [    0.650547] pci 0000:00:15.5: [15ad:07a0] type 01 class 0x060400
Jun 11 12:58:05 ubuntu20server kernel: [    0.651755] pci 0000:00:15.5: PME# supported from D0 D3hot D3cold
Jun 11 12:58:05 ubuntu20server kernel: [    0.652421] pci 0000:00:15.6: [15ad:07a0] type 01 class 0x060400
Jun 11 12:58:05 ubuntu20server kernel: [    0.653511] pci 0000:00:15.6: PME# supported from D0 D3hot D3cold
Jun 11 12:58:05 ubuntu20server kernel: [    0.654169] pci 0000:00:15.7: [15ad:07a0] type 01 class 0x060400
Jun 11 12:58:05 ubuntu20server kernel: [    0.654975] pci 0000:00:15.7: PME# supported from D0 D3hot D3cold
Jun 11 12:58:05 ubuntu20server kernel: [    0.656723] pci 0000:00:16.0: [15ad:07a0] type 01 class 0x060400
Jun 11 12:58:05 ubuntu20server kernel: [    0.658175] pci 0000:00:16.0: PME# supported from D0 D3hot D3cold
Jun 11 12:58:05 ubuntu20server kernel: [    0.658530] pci 0000:00:16.1: [15ad:07a0] type 01 class 0x060400
Jun 11 12:58:05 ubuntu20server kernel: [    0.659611] pci 0000:00:16.1: PME# supported from D0 D3hot D3cold
Jun 11 12:58:05 ubuntu20server kernel: [    0.660264] pci 0000:00:16.2: [15ad:07a0] type 01 class 0x060400
Jun 11 12:58:05 ubuntu20server kernel: [    0.661416] pci 0000:00:16.2: PME# supported from D0 D3hot D3cold
Jun 11 12:58:05 ubuntu20server kernel: [    0.662114] pci 0000:00:16.3: [15ad:07a0] type 01 class 0x060400
Jun 11 12:58:05 ubuntu20server kernel: [    0.663033] pci 0000:00:16.3: PME# supported from D0 D3hot D3cold
Jun 11 12:58:05 ubuntu20server kernel: [    0.663986] pci 0000:00:16.4: [15ad:07a0] type 01 class 0x060400
Jun 11 12:58:05 ubuntu20server kernel: [    0.665226] pci 0000:00:16.4: PME# supported from D0 D3hot D3cold
Jun 11 12:58:05 ubuntu20server kernel: [    0.665882] pci 0000:00:16.5: [15ad:07a0] type 01 class 0x060400
Jun 11 12:58:05 ubuntu20server kernel: [    0.666943] pci 0000:00:16.5: PME# supported from D0 D3hot D3cold
Jun 11 12:58:05 ubuntu20server kernel: [    0.667654] pci 0000:00:16.6: [15ad:07a0] type 01 class 0x060400
Jun 11 12:58:05 ubuntu20server kernel: [    0.668730] pci 0000:00:16.6: PME# supported from D0 D3hot D3cold
Jun 11 12:58:05 ubuntu20server kernel: [    0.669377] pci 0000:00:16.7: [15ad:07a0] type 01 class 0x060400
Jun 11 12:58:05 ubuntu20server kernel: [    0.670441] pci 0000:00:16.7: PME# supported from D0 D3hot D3cold
Jun 11 12:58:05 ubuntu20server kernel: [    0.672247] pci 0000:00:17.0: [15ad:07a0] type 01 class 0x060400
Jun 11 12:58:05 ubuntu20server kernel: [    0.673336] pci 0000:00:17.0: PME# supported from D0 D3hot D3cold
Jun 11 12:58:05 ubuntu20server kernel: [    0.673993] pci 0000:00:17.1: [15ad:07a0] type 01 class 0x060400
Jun 11 12:58:05 ubuntu20server kernel: [    0.675103] pci 0000:00:17.1: PME# supported from D0 D3hot D3cold
Jun 11 12:58:05 ubuntu20server kernel: [    0.675896] pci 0000:00:17.2: [15ad:07a0] type 01 class 0x060400
Jun 11 12:58:05 ubuntu20server kernel: [    0.677019] pci 0000:00:17.2: PME# supported from D0 D3hot D3cold
Jun 11 12:58:05 ubuntu20server kernel: [    0.677727] pci 0000:00:17.3: [15ad:07a0] type 01 class 0x060400
Jun 11 12:58:05 ubuntu20server kernel: [    0.678559] pci 0000:00:17.3: PME# supported from D0 D3hot D3cold
Jun 11 12:58:05 ubuntu20server kernel: [    0.679297] pci 0000:00:17.4: [15ad:07a0] type 01 class 0x060400
Jun 11 12:58:05 ubuntu20server kernel: [    0.680380] pci 0000:00:17.4: PME# supported from D0 D3hot D3cold
Jun 11 12:58:05 ubuntu20server kernel: [    0.681248] pci 0000:00:17.5: [15ad:07a0] type 01 class 0x060400
Jun 11 12:58:05 ubuntu20server kernel: [    0.682256] pci 0000:00:17.5: PME# supported from D0 D3hot D3cold
Jun 11 12:58:05 ubuntu20server kernel: [    0.682532] pci 0000:00:17.6: [15ad:07a0] type 01 class 0x060400
Jun 11 12:58:05 ubuntu20server kernel: [    0.683619] pci 0000:00:17.6: PME# supported from D0 D3hot D3cold
Jun 11 12:58:05 ubuntu20server kernel: [    0.684281] pci 0000:00:17.7: [15ad:07a0] type 01 class 0x060400
Jun 11 12:58:05 ubuntu20server kernel: [    0.685368] pci 0000:00:17.7: PME# supported from D0 D3hot D3cold
Jun 11 12:58:05 ubuntu20server kernel: [    0.687171] pci 0000:00:18.0: [15ad:07a0] type 01 class 0x060400
Jun 11 12:58:05 ubuntu20server kernel: [    0.688305] pci 0000:00:18.0: PME# supported from D0 D3hot D3cold
Jun 11 12:58:05 ubuntu20server kernel: [    0.688957] pci 0000:00:18.1: [15ad:07a0] type 01 class 0x060400
Jun 11 12:58:05 ubuntu20server kernel: [    0.690084] pci 0000:00:18.1: PME# supported from D0 D3hot D3cold
Jun 11 12:58:05 ubuntu20server kernel: [    0.690307] pci 0000:00:18.2: [15ad:07a0] type 01 class 0x060400
Jun 11 12:58:05 ubuntu20server kernel: [    0.691403] pci 0000:00:18.2: PME# supported from D0 D3hot D3cold
Jun 11 12:58:05 ubuntu20server kernel: [    0.692091] pci 0000:00:18.3: [15ad:07a0] type 01 class 0x060400
Jun 11 12:58:05 ubuntu20server kernel: [    0.693278] pci 0000:00:18.3: PME# supported from D0 D3hot D3cold
Jun 11 12:58:05 ubuntu20server kernel: [    0.693953] pci 0000:00:18.4: [15ad:07a0] type 01 class 0x060400
Jun 11 12:58:05 ubuntu20server kernel: [    0.695336] pci 0000:00:18.4: PME# supported from D0 D3hot D3cold
Jun 11 12:58:05 ubuntu20server kernel: [    0.696056] pci 0000:00:18.5: [15ad:07a0] type 01 class 0x060400
Jun 11 12:58:05 ubuntu20server kernel: [    0.697243] pci 0000:00:18.5: PME# supported from D0 D3hot D3cold
Jun 11 12:58:05 ubuntu20server kernel: [    0.697898] pci 0000:00:18.6: [15ad:07a0] type 01 class 0x060400
Jun 11 12:58:05 ubuntu20server kernel: [    0.698489] pci 0000:00:18.6: PME# supported from D0 D3hot D3cold
Jun 11 12:58:05 ubuntu20server kernel: [    0.699143] pci 0000:00:18.7: [15ad:07a0] type 01 class 0x060400
Jun 11 12:58:05 ubuntu20server kernel: [    0.700226] pci 0000:00:18.7: PME# supported from D0 D3hot D3cold
Jun 11 12:58:05 ubuntu20server kernel: [    0.709170] pci_bus 0000:01: extended config space not accessible
Jun 11 12:58:05 ubuntu20server kernel: [    0.745196] pci 0000:00:01.0: PCI bridge to [bus 01]
Jun 11 12:58:05 ubuntu20server kernel: [    0.745712] pci_bus 0000:02: extended config space not accessible
Jun 11 12:58:05 ubuntu20server kernel: [    0.746256] acpiphp: Slot [32] registered
Jun 11 12:58:05 ubuntu20server kernel: [    0.746256] acpiphp: Slot [33] registered
Jun 11 12:58:05 ubuntu20server kernel: [    0.746297] acpiphp: Slot [34] registered
Jun 11 12:58:05 ubuntu20server kernel: [    0.746602] acpiphp: Slot [35] registered
Jun 11 12:58:05 ubuntu20server kernel: [    0.746912] acpiphp: Slot [36] registered
Jun 11 12:58:05 ubuntu20server kernel: [    0.747225] acpiphp: Slot [37] registered
Jun 11 12:58:05 ubuntu20server kernel: [    0.747642] acpiphp: Slot [38] registered
Jun 11 12:58:05 ubuntu20server kernel: [    0.748054] acpiphp: Slot [39] registered
Jun 11 12:58:05 ubuntu20server kernel: [    0.748497] acpiphp: Slot [40] registered
Jun 11 12:58:05 ubuntu20server kernel: [    0.748921] acpiphp: Slot [41] registered
Jun 11 12:58:05 ubuntu20server kernel: [    0.749377] acpiphp: Slot [42] registered
Jun 11 12:58:05 ubuntu20server kernel: [    0.749868] acpiphp: Slot [43] registered
Jun 11 12:58:05 ubuntu20server kernel: [    0.750256] acpiphp: Slot [44] registered
Jun 11 12:58:05 ubuntu20server kernel: [    0.750287] acpiphp: Slot [45] registered
Jun 11 12:58:05 ubuntu20server kernel: [    0.750665] acpiphp: Slot [46] registered
Jun 11 12:58:05 ubuntu20server kernel: [    0.751073] acpiphp: Slot [47] registered
Jun 11 12:58:05 ubuntu20server kernel: [    0.751475] acpiphp: Slot [48] registered
Jun 11 12:58:05 ubuntu20server kernel: [    0.751823] acpiphp: Slot [49] registered
Jun 11 12:58:05 ubuntu20server kernel: [    0.752129] acpiphp: Slot [50] registered
Jun 11 12:58:05 ubuntu20server kernel: [    0.752434] acpiphp: Slot [51] registered
Jun 11 12:58:05 ubuntu20server kernel: [    0.752777] acpiphp: Slot [52] registered
Jun 11 12:58:05 ubuntu20server kernel: [    0.753127] acpiphp: Slot [53] registered
Jun 11 12:58:05 ubuntu20server kernel: [    0.753455] acpiphp: Slot [54] registered
Jun 11 12:58:05 ubuntu20server kernel: [    0.753778] acpiphp: Slot [55] registered
Jun 11 12:58:05 ubuntu20server kernel: [    0.754084] acpiphp: Slot [56] registered
Jun 11 12:58:05 ubuntu20server kernel: [    0.754269] acpiphp: Slot [57] registered
Jun 11 12:58:05 ubuntu20server kernel: [    0.754584] acpiphp: Slot [58] registered
Jun 11 12:58:05 ubuntu20server kernel: [    0.755035] acpiphp: Slot [59] registered
Jun 11 12:58:05 ubuntu20server kernel: [    0.755357] acpiphp: Slot [60] registered
Jun 11 12:58:05 ubuntu20server kernel: [    0.755662] acpiphp: Slot [61] registered
Jun 11 12:58:05 ubuntu20server kernel: [    0.756011] acpiphp: Slot [62] registered
Jun 11 12:58:05 ubuntu20server kernel: [    0.756316] acpiphp: Slot [63] registered
Jun 11 12:58:05 ubuntu20server kernel: [    0.756677] pci 0000:02:00.0: [15ad:0774] type 00 class 0x0c0300
Jun 11 12:58:05 ubuntu20server kernel: [    0.757732] pci 0000:02:00.0: reg 0x20: [io  0x2080-0x209f]
Jun 11 12:58:05 ubuntu20server kernel: [    0.759742] pci 0000:02:01.0: [8086:100f] type 00 class 0x020000
Jun 11 12:58:05 ubuntu20server kernel: [    0.760417] pci 0000:02:01.0: reg 0x10: [mem 0xfd5c0000-0xfd5dffff 64bit]
Jun 11 12:58:05 ubuntu20server kernel: [    0.761067] pci 0000:02:01.0: reg 0x18: [mem 0xfdff0000-0xfdffffff 64bit]
Jun 11 12:58:05 ubuntu20server kernel: [    0.761683] pci 0000:02:01.0: reg 0x20: [io  0x2000-0x203f]
Jun 11 12:58:05 ubuntu20server kernel: [    0.762266] pci 0000:02:01.0: reg 0x30: [mem 0x00000000-0x0000ffff pref]
Jun 11 12:58:05 ubuntu20server kernel: [    0.762923] pci 0000:02:01.0: PME# supported from D0 D3hot D3cold
Jun 11 12:58:05 ubuntu20server kernel: [    0.765146] pci 0000:02:02.0: [1274:1371] type 00 class 0x040100
Jun 11 12:58:05 ubuntu20server kernel: [    0.765772] pci 0000:02:02.0: reg 0x10: [io  0x2040-0x207f]
Jun 11 12:58:05 ubuntu20server kernel: [    0.768340] pci 0000:02:03.0: [15ad:0770] type 00 class 0x0c0320
Jun 11 12:58:05 ubuntu20server kernel: [    0.768892] pci 0000:02:03.0: reg 0x10: [mem 0xfd5ef000-0xfd5effff]
Jun 11 12:58:05 ubuntu20server kernel: [    0.772599] pci 0000:02:05.0: [15ad:07e0] type 00 class 0x010601
Jun 11 12:58:05 ubuntu20server kernel: [    0.774006] pci 0000:02:05.0: reg 0x24: [mem 0xfd5ee000-0xfd5eefff]
Jun 11 12:58:05 ubuntu20server kernel: [    0.774420] pci 0000:02:05.0: reg 0x30: [mem 0x00000000-0x0000ffff pref]
Jun 11 12:58:05 ubuntu20server kernel: [    0.775143] pci 0000:02:05.0: PME# supported from D3hot
Jun 11 12:58:05 ubuntu20server kernel: [    0.807247] pci 0000:00:11.0: PCI bridge to [bus 02] (subtractive decode)
Jun 11 12:58:05 ubuntu20server kernel: [    0.807702] pci 0000:00:11.0:   bridge window [io  0x2000-0x3fff]
Jun 11 12:58:05 ubuntu20server kernel: [    0.808108] pci 0000:00:11.0:   bridge window [mem 0xfd500000-0xfdffffff]
Jun 11 12:58:05 ubuntu20server kernel: [    0.808564] pci 0000:00:11.0:   bridge window [mem 0xe7b00000-0xe7ffffff 64bit pref]
Jun 11 12:58:05 ubuntu20server kernel: [    0.809056] pci 0000:00:11.0:   bridge window [mem 0x000a0000-0x000bffff window] (subtractive decode)
Jun 11 12:58:05 ubuntu20server kernel: [    0.809623] pci 0000:00:11.0:   bridge window [mem 0x000d0000-0x000d3fff window] (subtractive decode)
Jun 11 12:58:05 ubuntu20server kernel: [    0.810194] pci 0000:00:11.0:   bridge window [mem 0x000d4000-0x000d7fff window] (subtractive decode)
Jun 11 12:58:05 ubuntu20server kernel: [    0.810265] pci 0000:00:11.0:   bridge window [mem 0x000d8000-0x000dbfff window] (subtractive decode)
Jun 11 12:58:05 ubuntu20server kernel: [    0.810959] pci 0000:00:11.0:   bridge window [mem 0xc0000000-0xfebfffff window] (subtractive decode)
Jun 11 12:58:05 ubuntu20server kernel: [    0.811552] pci 0000:00:11.0:   bridge window [io  0x0000-0x0cf7 window] (subtractive decode)
Jun 11 12:58:05 ubuntu20server kernel: [    0.812096] pci 0000:00:11.0:   bridge window [io  0x0d00-0xfeff window] (subtractive decode)
Jun 11 12:58:05 ubuntu20server kernel: [    0.849937] pci 0000:00:15.0: PCI bridge to [bus 03]
Jun 11 12:58:05 ubuntu20server kernel: [    0.850256] pci 0000:00:15.0:   bridge window [io  0x4000-0x4fff]
Jun 11 12:58:05 ubuntu20server kernel: [    0.850284] pci 0000:00:15.0:   bridge window [mem 0xfd400000-0xfd4fffff]
Jun 11 12:58:05 ubuntu20server kernel: [    0.850812] pci 0000:00:15.0:   bridge window [mem 0xe7a00000-0xe7afffff 64bit pref]
Jun 11 12:58:05 ubuntu20server kernel: [    0.887049] pci 0000:00:15.1: PCI bridge to [bus 04]
Jun 11 12:58:05 ubuntu20server kernel: [    0.887411] pci 0000:00:15.1:   bridge window [io  0x8000-0x8fff]
Jun 11 12:58:05 ubuntu20server kernel: [    0.887821] pci 0000:00:15.1:   bridge window [mem 0xfd000000-0xfd0fffff]
Jun 11 12:58:05 ubuntu20server kernel: [    0.888282] pci 0000:00:15.1:   bridge window [mem 0xe7600000-0xe76fffff 64bit pref]
Jun 11 12:58:05 ubuntu20server kernel: [    0.922747] pci 0000:00:15.2: PCI bridge to [bus 05]
Jun 11 12:58:05 ubuntu20server kernel: [    0.923109] pci 0000:00:15.2:   bridge window [io  0xc000-0xcfff]
Jun 11 12:58:05 ubuntu20server kernel: [    0.923517] pci 0000:00:15.2:   bridge window [mem 0xfcc00000-0xfccfffff]
Jun 11 12:58:05 ubuntu20server kernel: [    0.923973] pci 0000:00:15.2:   bridge window [mem 0xe7200000-0xe72fffff 64bit pref]
Jun 11 12:58:05 ubuntu20server kernel: [    0.959633] pci 0000:00:15.3: PCI bridge to [bus 06]
Jun 11 12:58:05 ubuntu20server kernel: [    0.960025] pci 0000:00:15.3:   bridge window [mem 0xfc800000-0xfc8fffff]
Jun 11 12:58:05 ubuntu20server kernel: [    0.960537] pci 0000:00:15.3:   bridge window [mem 0xe6e00000-0xe6efffff 64bit pref]
Jun 11 12:58:05 ubuntu20server kernel: [    0.997583] pci 0000:00:15.4: PCI bridge to [bus 07]
Jun 11 12:58:05 ubuntu20server kernel: [    0.997985] pci 0000:00:15.4:   bridge window [mem 0xfc400000-0xfc4fffff]
Jun 11 12:58:05 ubuntu20server kernel: [    0.998256] pci 0000:00:15.4:   bridge window [mem 0xe6a00000-0xe6afffff 64bit pref]
Jun 11 12:58:05 ubuntu20server kernel: [    1.033901] pci 0000:00:15.5: PCI bridge to [bus 08]
Jun 11 12:58:05 ubuntu20server kernel: [    1.034256] pci 0000:00:15.5:   bridge window [mem 0xfc000000-0xfc0fffff]
Jun 11 12:58:05 ubuntu20server kernel: [    1.034256] pci 0000:00:15.5:   bridge window [mem 0xe6600000-0xe66fffff 64bit pref]
Jun 11 12:58:05 ubuntu20server kernel: [    1.068767] pci 0000:00:15.6: PCI bridge to [bus 09]
Jun 11 12:58:05 ubuntu20server kernel: [    1.069212] pci 0000:00:15.6:   bridge window [mem 0xfbc00000-0xfbcfffff]
Jun 11 12:58:05 ubuntu20server kernel: [    1.069688] pci 0000:00:15.6:   bridge window [mem 0xe6200000-0xe62fffff 64bit pref]
Jun 11 12:58:05 ubuntu20server kernel: [    1.103892] pci 0000:00:15.7: PCI bridge to [bus 0a]
Jun 11 12:58:05 ubuntu20server kernel: [    1.104248] pci 0000:00:15.7:   bridge window [mem 0xfb800000-0xfb8fffff]
Jun 11 12:58:05 ubuntu20server kernel: [    1.104684] pci 0000:00:15.7:   bridge window [mem 0xe5e00000-0xe5efffff 64bit pref]
Jun 11 12:58:05 ubuntu20server kernel: [    1.138256] pci 0000:00:16.0: PCI bridge to [bus 0b]
Jun 11 12:58:05 ubuntu20server kernel: [    1.138285] pci 0000:00:16.0:   bridge window [io  0x5000-0x5fff]
Jun 11 12:58:05 ubuntu20server kernel: [    1.138675] pci 0000:00:16.0:   bridge window [mem 0xfd300000-0xfd3fffff]
Jun 11 12:58:05 ubuntu20server kernel: [    1.139112] pci 0000:00:16.0:   bridge window [mem 0xe7900000-0xe79fffff 64bit pref]
Jun 11 12:58:05 ubuntu20server kernel: [    1.174868] pci 0000:00:16.1: PCI bridge to [bus 0c]
Jun 11 12:58:05 ubuntu20server kernel: [    1.175220] pci 0000:00:16.1:   bridge window [io  0x9000-0x9fff]
Jun 11 12:58:05 ubuntu20server kernel: [    1.175610] pci 0000:00:16.1:   bridge window [mem 0xfcf00000-0xfcffffff]
Jun 11 12:58:05 ubuntu20server kernel: [    1.176045] pci 0000:00:16.1:   bridge window [mem 0xe7500000-0xe75fffff 64bit pref]
Jun 11 12:58:05 ubuntu20server kernel: [    1.210213] pci 0000:00:16.2: PCI bridge to [bus 0d]
Jun 11 12:58:05 ubuntu20server kernel: [    1.210256] pci 0000:00:16.2:   bridge window [io  0xd000-0xdfff]
Jun 11 12:58:05 ubuntu20server kernel: [    1.210284] pci 0000:00:16.2:   bridge window [mem 0xfcb00000-0xfcbfffff]
Jun 11 12:58:05 ubuntu20server kernel: [    1.210828] pci 0000:00:16.2:   bridge window [mem 0xe7100000-0xe71fffff 64bit pref]
Jun 11 12:58:05 ubuntu20server kernel: [    1.242256] pci 0000:00:16.3: PCI bridge to [bus 0e]
Jun 11 12:58:05 ubuntu20server kernel: [    1.242256] pci 0000:00:16.3:   bridge window [mem 0xfc700000-0xfc7fffff]
Jun 11 12:58:05 ubuntu20server kernel: [    1.242256] pci 0000:00:16.3:   bridge window [mem 0xe6d00000-0xe6dfffff 64bit pref]
Jun 11 12:58:05 ubuntu20server kernel: [    1.277395] pci 0000:00:16.4: PCI bridge to [bus 0f]
Jun 11 12:58:05 ubuntu20server kernel: [    1.277751] pci 0000:00:16.4:   bridge window [mem 0xfc300000-0xfc3fffff]
Jun 11 12:58:05 ubuntu20server kernel: [    1.278183] pci 0000:00:16.4:   bridge window [mem 0xe6900000-0xe69fffff 64bit pref]
Jun 11 12:58:05 ubuntu20server kernel: [    1.312363] pci 0000:00:16.5: PCI bridge to [bus 10]
Jun 11 12:58:05 ubuntu20server kernel: [    1.312719] pci 0000:00:16.5:   bridge window [mem 0xfbf00000-0xfbffffff]
Jun 11 12:58:05 ubuntu20server kernel: [    1.313156] pci 0000:00:16.5:   bridge window [mem 0xe6500000-0xe65fffff 64bit pref]
Jun 11 12:58:05 ubuntu20server kernel: [    1.347343] pci 0000:00:16.6: PCI bridge to [bus 11]
Jun 11 12:58:05 ubuntu20server kernel: [    1.347702] pci 0000:00:16.6:   bridge window [mem 0xfbb00000-0xfbbfffff]
Jun 11 12:58:05 ubuntu20server kernel: [    1.348131] pci 0000:00:16.6:   bridge window [mem 0xe6100000-0xe61fffff 64bit pref]
Jun 11 12:58:05 ubuntu20server kernel: [    1.384265] pci 0000:00:16.7: PCI bridge to [bus 12]
Jun 11 12:58:05 ubuntu20server kernel: [    1.384620] pci 0000:00:16.7:   bridge window [mem 0xfb700000-0xfb7fffff]
Jun 11 12:58:05 ubuntu20server kernel: [    1.385053] pci 0000:00:16.7:   bridge window [mem 0xe5d00000-0xe5dfffff 64bit pref]
Jun 11 12:58:05 ubuntu20server kernel: [    1.420215] pci 0000:00:17.0: PCI bridge to [bus 13]
Jun 11 12:58:05 ubuntu20server kernel: [    1.420560] pci 0000:00:17.0:   bridge window [io  0x6000-0x6fff]
Jun 11 12:58:05 ubuntu20server kernel: [    1.420944] pci 0000:00:17.0:   bridge window [mem 0xfd200000-0xfd2fffff]
Jun 11 12:58:05 ubuntu20server kernel: [    1.421384] pci 0000:00:17.0:   bridge window [mem 0xe7800000-0xe78fffff 64bit pref]
Jun 11 12:58:05 ubuntu20server kernel: [    1.462144] pci 0000:00:17.1: PCI bridge to [bus 14]
Jun 11 12:58:05 ubuntu20server kernel: [    1.462282] pci 0000:00:17.1:   bridge window [io  0xa000-0xafff]
Jun 11 12:58:05 ubuntu20server kernel: [    1.462666] pci 0000:00:17.1:   bridge window [mem 0xfce00000-0xfcefffff]
Jun 11 12:58:05 ubuntu20server kernel: [    1.463097] pci 0000:00:17.1:   bridge window [mem 0xe7400000-0xe74fffff 64bit pref]
Jun 11 12:58:05 ubuntu20server kernel: [    1.493215] pci 0000:00:17.2: PCI bridge to [bus 15]
Jun 11 12:58:05 ubuntu20server kernel: [    1.493559] pci 0000:00:17.2:   bridge window [io  0xe000-0xefff]
Jun 11 12:58:05 ubuntu20server kernel: [    1.493949] pci 0000:00:17.2:   bridge window [mem 0xfca00000-0xfcafffff]
Jun 11 12:58:05 ubuntu20server kernel: [    1.494256] pci 0000:00:17.2:   bridge window [mem 0xe7000000-0xe70fffff 64bit pref]
Jun 11 12:58:05 ubuntu20server kernel: [    1.526256] pci 0000:00:17.3: PCI bridge to [bus 16]
Jun 11 12:58:05 ubuntu20server kernel: [    1.526256] pci 0000:00:17.3:   bridge window [mem 0xfc600000-0xfc6fffff]
Jun 11 12:58:05 ubuntu20server kernel: [    1.526256] pci 0000:00:17.3:   bridge window [mem 0xe6c00000-0xe6cfffff 64bit pref]
Jun 11 12:58:05 ubuntu20server kernel: [    1.563942] pci 0000:00:17.4: PCI bridge to [bus 17]
Jun 11 12:58:05 ubuntu20server kernel: [    1.564299] pci 0000:00:17.4:   bridge window [mem 0xfc200000-0xfc2fffff]
Jun 11 12:58:05 ubuntu20server kernel: [    1.564731] pci 0000:00:17.4:   bridge window [mem 0xe6800000-0xe68fffff 64bit pref]
Jun 11 12:58:05 ubuntu20server kernel: [    1.598468] pci 0000:00:17.5: PCI bridge to [bus 18]
Jun 11 12:58:05 ubuntu20server kernel: [    1.598910] pci 0000:00:17.5:   bridge window [mem 0xfbe00000-0xfbefffff]
Jun 11 12:58:05 ubuntu20server kernel: [    1.599380] pci 0000:00:17.5:   bridge window [mem 0xe6400000-0xe64fffff 64bit pref]
Jun 11 12:58:05 ubuntu20server kernel: [    1.634256] pci 0000:00:17.6: PCI bridge to [bus 19]
Jun 11 12:58:05 ubuntu20server kernel: [    1.634273] pci 0000:00:17.6:   bridge window [mem 0xfba00000-0xfbafffff]
Jun 11 12:58:05 ubuntu20server kernel: [    1.634751] pci 0000:00:17.6:   bridge window [mem 0xe6000000-0xe60fffff 64bit pref]
Jun 11 12:58:05 ubuntu20server kernel: [    1.668101] pci 0000:00:17.7: PCI bridge to [bus 1a]
Jun 11 12:58:05 ubuntu20server kernel: [    1.668461] pci 0000:00:17.7:   bridge window [mem 0xfb600000-0xfb6fffff]
Jun 11 12:58:05 ubuntu20server kernel: [    1.668984] pci 0000:00:17.7:   bridge window [mem 0xe5c00000-0xe5cfffff 64bit pref]
Jun 11 12:58:05 ubuntu20server kernel: [    1.707024] pci 0000:00:18.0: PCI bridge to [bus 1b]
Jun 11 12:58:05 ubuntu20server kernel: [    1.707374] pci 0000:00:18.0:   bridge window [io  0x7000-0x7fff]
Jun 11 12:58:05 ubuntu20server kernel: [    1.708038] pci 0000:00:18.0:   bridge window [mem 0xfd100000-0xfd1fffff]
Jun 11 12:58:05 ubuntu20server kernel: [    1.709094] pci 0000:00:18.0:   bridge window [mem 0xe7700000-0xe77fffff 64bit pref]
Jun 11 12:58:05 ubuntu20server kernel: [    1.745033] pci 0000:00:18.1: PCI bridge to [bus 1c]
Jun 11 12:58:05 ubuntu20server kernel: [    1.745390] pci 0000:00:18.1:   bridge window [io  0xb000-0xbfff]
Jun 11 12:58:05 ubuntu20server kernel: [    1.745790] pci 0000:00:18.1:   bridge window [mem 0xfcd00000-0xfcdfffff]
Jun 11 12:58:05 ubuntu20server kernel: [    1.746239] pci 0000:00:18.1:   bridge window [mem 0xe7300000-0xe73fffff 64bit pref]
Jun 11 12:58:05 ubuntu20server kernel: [    1.780049] pci 0000:00:18.2: PCI bridge to [bus 1d]
Jun 11 12:58:05 ubuntu20server kernel: [    1.780424] pci 0000:00:18.2:   bridge window [mem 0xfc900000-0xfc9fffff]
Jun 11 12:58:05 ubuntu20server kernel: [    1.780876] pci 0000:00:18.2:   bridge window [mem 0xe6f00000-0xe6ffffff 64bit pref]
Jun 11 12:58:05 ubuntu20server kernel: [    1.815735] pci 0000:00:18.3: PCI bridge to [bus 1e]
Jun 11 12:58:05 ubuntu20server kernel: [    1.816111] pci 0000:00:18.3:   bridge window [mem 0xfc500000-0xfc5fffff]
Jun 11 12:58:05 ubuntu20server kernel: [    1.816567] pci 0000:00:18.3:   bridge window [mem 0xe6b00000-0xe6bfffff 64bit pref]
Jun 11 12:58:05 ubuntu20server kernel: [    1.850256] pci 0000:00:18.4: PCI bridge to [bus 1f]
Jun 11 12:58:05 ubuntu20server kernel: [    1.850256] pci 0000:00:18.4:   bridge window [mem 0xfc100000-0xfc1fffff]
Jun 11 12:58:05 ubuntu20server kernel: [    1.850256] pci 0000:00:18.4:   bridge window [mem 0xe6700000-0xe67fffff 64bit pref]
Jun 11 12:58:05 ubuntu20server kernel: [    1.887695] pci 0000:00:18.5: PCI bridge to [bus 20]
Jun 11 12:58:05 ubuntu20server kernel: [    1.888073] pci 0000:00:18.5:   bridge window [mem 0xfbd00000-0xfbdfffff]
Jun 11 12:58:05 ubuntu20server kernel: [    1.888530] pci 0000:00:18.5:   bridge window [mem 0xe6300000-0xe63fffff 64bit pref]
Jun 11 12:58:05 ubuntu20server kernel: [    1.924546] pci 0000:00:18.6: PCI bridge to [bus 21]
Jun 11 12:58:05 ubuntu20server kernel: [    1.924932] pci 0000:00:18.6:   bridge window [mem 0xfb900000-0xfb9fffff]
Jun 11 12:58:05 ubuntu20server kernel: [    1.925469] pci 0000:00:18.6:   bridge window [mem 0xe5f00000-0xe5ffffff 64bit pref]
Jun 11 12:58:05 ubuntu20server kernel: [    1.959217] pci 0000:00:18.7: PCI bridge to [bus 22]
Jun 11 12:58:05 ubuntu20server kernel: [    1.959592] pci 0000:00:18.7:   bridge window [mem 0xfb500000-0xfb5fffff]
Jun 11 12:58:05 ubuntu20server kernel: [    1.960045] pci 0000:00:18.7:   bridge window [mem 0xe5b00000-0xe5bfffff 64bit pref]
Jun 11 12:58:05 ubuntu20server kernel: [    1.963293] ACPI: PCI Interrupt Link [LNKA] (IRQs 3 4 5 6 7 *9 10 11 14 15)
Jun 11 12:58:05 ubuntu20server kernel: [    1.963816] ACPI: PCI Interrupt Link [LNKB] (IRQs 3 4 5 6 7 9 10 *11 14 15)
Jun 11 12:58:05 ubuntu20server kernel: [    1.964329] ACPI: PCI Interrupt Link [LNKC] (IRQs 3 4 5 6 7 9 *10 11 14 15)
Jun 11 12:58:05 ubuntu20server kernel: [    1.964840] ACPI: PCI Interrupt Link [LNKD] (IRQs 3 4 5 6 *7 9 10 11 14 15)
Jun 11 12:58:05 ubuntu20server kernel: [    2.002304] iommu: Default domain type: Translated 
Jun 11 12:58:05 ubuntu20server kernel: [    2.002871] SCSI subsystem initialized
Jun 11 12:58:05 ubuntu20server kernel: [    2.003169] libata version 3.00 loaded.
Jun 11 12:58:05 ubuntu20server kernel: [    2.003169] pci 0000:00:0f.0: vgaarb: setting as boot VGA device
Jun 11 12:58:05 ubuntu20server kernel: [    2.003169] pci 0000:00:0f.0: vgaarb: VGA device added: decodes=io+mem,owns=io+mem,locks=none
Jun 11 12:58:05 ubuntu20server kernel: [    2.003292] pci 0000:00:0f.0: vgaarb: bridge control possible
Jun 11 12:58:05 ubuntu20server kernel: [    2.003731] vgaarb: loaded
Jun 11 12:58:05 ubuntu20server kernel: [    2.004094] ACPI: bus type USB registered
Jun 11 12:58:05 ubuntu20server kernel: [    2.004399] usbcore: registered new interface driver usbfs
Jun 11 12:58:05 ubuntu20server kernel: [    2.004765] usbcore: registered new interface driver hub
Jun 11 12:58:05 ubuntu20server kernel: [    2.006290] usbcore: registered new device driver usb
Jun 11 12:58:05 ubuntu20server kernel: [    2.006802] pps_core: LinuxPPS API ver. 1 registered
Jun 11 12:58:05 ubuntu20server kernel: [    2.007201] pps_core: Software ver. 5.3.6 - Copyright 2005-2007 Rodolfo Giometti <giometti@linux.it>
Jun 11 12:58:05 ubuntu20server kernel: [    2.007760] PTP clock support registered
Jun 11 12:58:05 ubuntu20server kernel: [    2.008071] EDAC MC: Ver: 3.0.0
Jun 11 12:58:05 ubuntu20server kernel: [    2.008071] PCI: Using ACPI for IRQ routing
Jun 11 12:58:05 ubuntu20server kernel: [    2.157660] PCI: pci_cache_line_size set to 64 bytes
Jun 11 12:58:05 ubuntu20server kernel: [    2.158256] e820: reserve RAM buffer [mem 0x0009e800-0x0009ffff]
Jun 11 12:58:05 ubuntu20server kernel: [    2.158256] e820: reserve RAM buffer [mem 0xbfed0000-0xbfffffff]
Jun 11 12:58:05 ubuntu20server kernel: [    2.158256] NetLabel: Initializing
Jun 11 12:58:05 ubuntu20server kernel: [    2.162265] NetLabel:  domain hash size = 128
Jun 11 12:58:05 ubuntu20server kernel: [    2.162554] NetLabel:  protocols = UNLABELED CIPSOv4 CALIPSO
Jun 11 12:58:05 ubuntu20server kernel: [    2.162913] NetLabel:  unlabeled traffic allowed by default
Jun 11 12:58:05 ubuntu20server kernel: [    2.163311] hpet0: at MMIO 0xfed00000, IRQs 2, 8, 0, 0, 0, 0, 0, 0, 0, 0, 0, 0, 0, 0, 0, 0
Jun 11 12:58:05 ubuntu20server kernel: [    2.163452] hpet0: 16 comparators, 64-bit 14.318180 MHz counter
Jun 11 12:58:05 ubuntu20server kernel: [    2.168420] clocksource: Switched to clocksource tsc-early
Jun 11 12:58:05 ubuntu20server kernel: [    2.183996] *** VALIDATE bpf ***
Jun 11 12:58:05 ubuntu20server kernel: [    2.184358] VFS: Disk quotas dquot_6.6.0
Jun 11 12:58:05 ubuntu20server kernel: [    2.184653] VFS: Dquot-cache hash table entries: 512 (order 0, 4096 bytes)
Jun 11 12:58:05 ubuntu20server kernel: [    2.185156] *** VALIDATE ramfs ***
Jun 11 12:58:05 ubuntu20server kernel: [    2.185400] *** VALIDATE hugetlbfs ***
Jun 11 12:58:05 ubuntu20server kernel: [    2.185891] AppArmor: AppArmor Filesystem Enabled
Jun 11 12:58:05 ubuntu20server kernel: [    2.186459] pnp: PnP ACPI init
Jun 11 12:58:05 ubuntu20server kernel: [    2.187185] system 00:00: [io  0x1000-0x103f] has been reserved
Jun 11 12:58:05 ubuntu20server kernel: [    2.187625] system 00:00: [io  0x1040-0x104f] has been reserved
Jun 11 12:58:05 ubuntu20server kernel: [    2.187993] system 00:00: [io  0x0cf0-0x0cf1] has been reserved
Jun 11 12:58:05 ubuntu20server kernel: [    2.188359] system 00:00: Plug and Play ACPI device, IDs PNP0c02 (active)
Jun 11 12:58:05 ubuntu20server kernel: [    2.188380] pnp 00:01: Plug and Play ACPI device, IDs PNP0b00 (active)
Jun 11 12:58:05 ubuntu20server kernel: [    2.188391] pnp 00:02: Plug and Play ACPI device, IDs PNP0303 (active)
Jun 11 12:58:05 ubuntu20server kernel: [    2.188411] pnp 00:03: Plug and Play ACPI device, IDs VMW0003 PNP0f13 (active)
Jun 11 12:58:05 ubuntu20server kernel: [    2.188571] system 00:04: [mem 0xfed00000-0xfed003ff] has been reserved
Jun 11 12:58:05 ubuntu20server kernel: [    2.188973] system 00:04: Plug and Play ACPI device, IDs PNP0103 PNP0c01 (active)
Jun 11 12:58:05 ubuntu20server kernel: [    2.190229] pnp 00:05: Plug and Play ACPI device, IDs PNP0501 (active)
Jun 11 12:58:05 ubuntu20server kernel: [    2.190348] system 00:06: [io  0xfce0-0xfcff] has been reserved
Jun 11 12:58:05 ubuntu20server kernel: [    2.190942] system 00:06: [mem 0xf0000000-0xf7ffffff] has been reserved
Jun 11 12:58:05 ubuntu20server kernel: [    2.191356] system 00:06: [mem 0xfe800000-0xfe9fffff] has been reserved
Jun 11 12:58:05 ubuntu20server kernel: [    2.191801] system 00:06: Plug and Play ACPI device, IDs PNP0c02 (active)
Jun 11 12:58:05 ubuntu20server kernel: [    2.220102] pnp: PnP ACPI: found 7 devices
Jun 11 12:58:05 ubuntu20server kernel: [    2.221944] thermal_sys: Registered thermal governor 'fair_share'
Jun 11 12:58:05 ubuntu20server kernel: [    2.221944] thermal_sys: Registered thermal governor 'bang_bang'
Jun 11 12:58:05 ubuntu20server kernel: [    2.222326] thermal_sys: Registered thermal governor 'step_wise'
Jun 11 12:58:05 ubuntu20server kernel: [    2.222720] thermal_sys: Registered thermal governor 'user_space'
Jun 11 12:58:05 ubuntu20server kernel: [    2.223090] thermal_sys: Registered thermal governor 'power_allocator'
Jun 11 12:58:05 ubuntu20server kernel: [    2.228058] clocksource: acpi_pm: mask: 0xffffff max_cycles: 0xffffff, max_idle_ns: 2085701024 ns
Jun 11 12:58:05 ubuntu20server kernel: [    2.229011] pci 0000:00:15.3: bridge window [io  0x1000-0x0fff] to [bus 06] add_size 1000
Jun 11 12:58:05 ubuntu20server kernel: [    2.229499] pci 0000:00:15.4: bridge window [io  0x1000-0x0fff] to [bus 07] add_size 1000
Jun 11 12:58:05 ubuntu20server kernel: [    2.229984] pci 0000:00:15.5: bridge window [io  0x1000-0x0fff] to [bus 08] add_size 1000
Jun 11 12:58:05 ubuntu20server kernel: [    2.230416] pci 0000:00:15.6: bridge window [io  0x1000-0x0fff] to [bus 09] add_size 1000
Jun 11 12:58:05 ubuntu20server kernel: [    2.230987] pci 0000:00:15.7: bridge window [io  0x1000-0x0fff] to [bus 0a] add_size 1000
Jun 11 12:58:05 ubuntu20server kernel: [    2.231474] pci 0000:00:16.3: bridge window [io  0x1000-0x0fff] to [bus 0e] add_size 1000
Jun 11 12:58:05 ubuntu20server kernel: [    2.231960] pci 0000:00:16.4: bridge window [io  0x1000-0x0fff] to [bus 0f] add_size 1000
Jun 11 12:58:05 ubuntu20server kernel: [    2.232446] pci 0000:00:16.5: bridge window [io  0x1000-0x0fff] to [bus 10] add_size 1000
Jun 11 12:58:05 ubuntu20server kernel: [    2.232930] pci 0000:00:16.6: bridge window [io  0x1000-0x0fff] to [bus 11] add_size 1000
Jun 11 12:58:05 ubuntu20server kernel: [    2.233415] pci 0000:00:16.7: bridge window [io  0x1000-0x0fff] to [bus 12] add_size 1000
Jun 11 12:58:05 ubuntu20server kernel: [    2.234090] pci 0000:00:17.3: bridge window [io  0x1000-0x0fff] to [bus 16] add_size 1000
Jun 11 12:58:05 ubuntu20server kernel: [    2.234854] pci 0000:00:17.4: bridge window [io  0x1000-0x0fff] to [bus 17] add_size 1000
Jun 11 12:58:05 ubuntu20server kernel: [    2.235999] pci 0000:00:17.5: bridge window [io  0x1000-0x0fff] to [bus 18] add_size 1000
Jun 11 12:58:05 ubuntu20server kernel: [    2.236500] pci 0000:00:17.6: bridge window [io  0x1000-0x0fff] to [bus 19] add_size 1000
Jun 11 12:58:05 ubuntu20server kernel: [    2.237054] pci 0000:00:17.7: bridge window [io  0x1000-0x0fff] to [bus 1a] add_size 1000
Jun 11 12:58:05 ubuntu20server kernel: [    2.237541] pci 0000:00:18.2: bridge window [io  0x1000-0x0fff] to [bus 1d] add_size 1000
Jun 11 12:58:05 ubuntu20server kernel: [    2.238032] pci 0000:00:18.3: bridge window [io  0x1000-0x0fff] to [bus 1e] add_size 1000
Jun 11 12:58:05 ubuntu20server kernel: [    2.238736] pci 0000:00:18.4: bridge window [io  0x1000-0x0fff] to [bus 1f] add_size 1000
Jun 11 12:58:05 ubuntu20server kernel: [    2.239828] pci 0000:00:18.5: bridge window [io  0x1000-0x0fff] to [bus 20] add_size 1000
Jun 11 12:58:05 ubuntu20server kernel: [    2.240314] pci 0000:00:18.6: bridge window [io  0x1000-0x0fff] to [bus 21] add_size 1000
Jun 11 12:58:05 ubuntu20server kernel: [    2.240907] pci 0000:00:18.7: bridge window [io  0x1000-0x0fff] to [bus 22] add_size 1000
Jun 11 12:58:05 ubuntu20server kernel: [    2.241409] pci 0000:00:0f.0: BAR 6: assigned [mem 0xc0000000-0xc0007fff pref]
Jun 11 12:58:05 ubuntu20server kernel: [    2.241886] pci 0000:00:10.0: BAR 6: assigned [mem 0xc0008000-0xc000bfff pref]
Jun 11 12:58:05 ubuntu20server kernel: [    2.242400] pci 0000:00:15.3: BAR 13: no space for [io  size 0x1000]
Jun 11 12:58:05 ubuntu20server kernel: [    2.242817] pci 0000:00:15.3: BAR 13: failed to assign [io  size 0x1000]
Jun 11 12:58:05 ubuntu20server kernel: [    2.243218] pci 0000:00:15.4: BAR 13: no space for [io  size 0x1000]
Jun 11 12:58:05 ubuntu20server kernel: [    2.243599] pci 0000:00:15.4: BAR 13: failed to assign [io  size 0x1000]
Jun 11 12:58:05 ubuntu20server kernel: [    2.243998] pci 0000:00:15.5: BAR 13: no space for [io  size 0x1000]
Jun 11 12:58:05 ubuntu20server kernel: [    2.244693] pci 0000:00:15.5: BAR 13: failed to assign [io  size 0x1000]
Jun 11 12:58:05 ubuntu20server kernel: [    2.245280] pci 0000:00:15.6: BAR 13: no space for [io  size 0x1000]
Jun 11 12:58:05 ubuntu20server kernel: [    2.245733] pci 0000:00:15.6: BAR 13: failed to assign [io  size 0x1000]
Jun 11 12:58:05 ubuntu20server kernel: [    2.246131] pci 0000:00:15.7: BAR 13: no space for [io  size 0x1000]
Jun 11 12:58:05 ubuntu20server kernel: [    2.246510] pci 0000:00:15.7: BAR 13: failed to assign [io  size 0x1000]
Jun 11 12:58:05 ubuntu20server kernel: [    2.247042] pci 0000:00:16.3: BAR 13: no space for [io  size 0x1000]
Jun 11 12:58:05 ubuntu20server kernel: [    2.247430] pci 0000:00:16.3: BAR 13: failed to assign [io  size 0x1000]
Jun 11 12:58:05 ubuntu20server kernel: [    2.247829] pci 0000:00:16.4: BAR 13: no space for [io  size 0x1000]
Jun 11 12:58:05 ubuntu20server kernel: [    2.248209] pci 0000:00:16.4: BAR 13: failed to assign [io  size 0x1000]
Jun 11 12:58:05 ubuntu20server kernel: [    2.248609] pci 0000:00:16.5: BAR 13: no space for [io  size 0x1000]
Jun 11 12:58:05 ubuntu20server kernel: [    2.248987] pci 0000:00:16.5: BAR 13: failed to assign [io  size 0x1000]
Jun 11 12:58:05 ubuntu20server kernel: [    2.249383] pci 0000:00:16.6: BAR 13: no space for [io  size 0x1000]
Jun 11 12:58:05 ubuntu20server kernel: [    2.249971] pci 0000:00:16.6: BAR 13: failed to assign [io  size 0x1000]
Jun 11 12:58:05 ubuntu20server kernel: [    2.250555] pci 0000:00:16.7: BAR 13: no space for [io  size 0x1000]
Jun 11 12:58:05 ubuntu20server kernel: [    2.250941] pci 0000:00:16.7: BAR 13: failed to assign [io  size 0x1000]
Jun 11 12:58:05 ubuntu20server kernel: [    2.251342] pci 0000:00:17.3: BAR 13: no space for [io  size 0x1000]
Jun 11 12:58:05 ubuntu20server kernel: [    2.251723] pci 0000:00:17.3: BAR 13: failed to assign [io  size 0x1000]
Jun 11 12:58:05 ubuntu20server kernel: [    2.252122] pci 0000:00:17.4: BAR 13: no space for [io  size 0x1000]
Jun 11 12:58:05 ubuntu20server kernel: [    2.252927] pci 0000:00:17.4: BAR 13: failed to assign [io  size 0x1000]
Jun 11 12:58:05 ubuntu20server kernel: [    2.253738] pci 0000:00:17.5: BAR 13: no space for [io  size 0x1000]
Jun 11 12:58:05 ubuntu20server kernel: [    2.254784] pci 0000:00:17.5: BAR 13: failed to assign [io  size 0x1000]
Jun 11 12:58:05 ubuntu20server kernel: [    2.255347] pci 0000:00:17.6: BAR 13: no space for [io  size 0x1000]
Jun 11 12:58:05 ubuntu20server kernel: [    2.255744] pci 0000:00:17.6: BAR 13: failed to assign [io  size 0x1000]
Jun 11 12:58:05 ubuntu20server kernel: [    2.256158] pci 0000:00:17.7: BAR 13: no space for [io  size 0x1000]
Jun 11 12:58:05 ubuntu20server kernel: [    2.256553] pci 0000:00:17.7: BAR 13: failed to assign [io  size 0x1000]
Jun 11 12:58:05 ubuntu20server kernel: [    2.256967] pci 0000:00:18.2: BAR 13: no space for [io  size 0x1000]
Jun 11 12:58:05 ubuntu20server kernel: [    2.257361] pci 0000:00:18.2: BAR 13: failed to assign [io  size 0x1000]
Jun 11 12:58:05 ubuntu20server kernel: [    2.257774] pci 0000:00:18.3: BAR 13: no space for [io  size 0x1000]
Jun 11 12:58:05 ubuntu20server kernel: [    2.258173] pci 0000:00:18.3: BAR 13: failed to assign [io  size 0x1000]
Jun 11 12:58:05 ubuntu20server kernel: [    2.258594] pci 0000:00:18.4: BAR 13: no space for [io  size 0x1000]
Jun 11 12:58:05 ubuntu20server kernel: [    2.259032] pci 0000:00:18.4: BAR 13: failed to assign [io  size 0x1000]
Jun 11 12:58:05 ubuntu20server kernel: [    2.259439] pci 0000:00:18.5: BAR 13: no space for [io  size 0x1000]
Jun 11 12:58:05 ubuntu20server kernel: [    2.259824] pci 0000:00:18.5: BAR 13: failed to assign [io  size 0x1000]
Jun 11 12:58:05 ubuntu20server kernel: [    2.260227] pci 0000:00:18.6: BAR 13: no space for [io  size 0x1000]
Jun 11 12:58:05 ubuntu20server kernel: [    2.260612] pci 0000:00:18.6: BAR 13: failed to assign [io  size 0x1000]
Jun 11 12:58:05 ubuntu20server kernel: [    2.261107] pci 0000:00:18.7: BAR 13: no space for [io  size 0x1000]
Jun 11 12:58:05 ubuntu20server kernel: [    2.261711] pci 0000:00:18.7: BAR 13: failed to assign [io  size 0x1000]
Jun 11 12:58:05 ubuntu20server kernel: [    2.262118] pci 0000:00:18.7: BAR 13: no space for [io  size 0x1000]
Jun 11 12:58:05 ubuntu20server kernel: [    2.262504] pci 0000:00:18.7: BAR 13: failed to assign [io  size 0x1000]
Jun 11 12:58:05 ubuntu20server kernel: [    2.262937] pci 0000:00:18.6: BAR 13: no space for [io  size 0x1000]
Jun 11 12:58:05 ubuntu20server kernel: [    2.263326] pci 0000:00:18.6: BAR 13: failed to assign [io  size 0x1000]
Jun 11 12:58:05 ubuntu20server kernel: [    2.263731] pci 0000:00:18.5: BAR 13: no space for [io  size 0x1000]
Jun 11 12:58:05 ubuntu20server kernel: [    2.264117] pci 0000:00:18.5: BAR 13: failed to assign [io  size 0x1000]
Jun 11 12:58:05 ubuntu20server kernel: [    2.264521] pci 0000:00:18.4: BAR 13: no space for [io  size 0x1000]
Jun 11 12:58:05 ubuntu20server kernel: [    2.264906] pci 0000:00:18.4: BAR 13: failed to assign [io  size 0x1000]
Jun 11 12:58:05 ubuntu20server kernel: [    2.265310] pci 0000:00:18.3: BAR 13: no space for [io  size 0x1000]
Jun 11 12:58:05 ubuntu20server kernel: [    2.265696] pci 0000:00:18.3: BAR 13: failed to assign [io  size 0x1000]
Jun 11 12:58:05 ubuntu20server kernel: [    2.266100] pci 0000:00:18.2: BAR 13: no space for [io  size 0x1000]
Jun 11 12:58:05 ubuntu20server kernel: [    2.266486] pci 0000:00:18.2: BAR 13: failed to assign [io  size 0x1000]
Jun 11 12:58:05 ubuntu20server kernel: [    2.266921] pci 0000:00:17.7: BAR 13: no space for [io  size 0x1000]
Jun 11 12:58:05 ubuntu20server kernel: [    2.267388] pci 0000:00:17.7: BAR 13: failed to assign [io  size 0x1000]
Jun 11 12:58:05 ubuntu20server kernel: [    2.267788] pci 0000:00:17.6: BAR 13: no space for [io  size 0x1000]
Jun 11 12:58:05 ubuntu20server kernel: [    2.268389] pci 0000:00:17.6: BAR 13: failed to assign [io  size 0x1000]
Jun 11 12:58:05 ubuntu20server kernel: [    2.268794] pci 0000:00:17.5: BAR 13: no space for [io  size 0x1000]
Jun 11 12:58:05 ubuntu20server kernel: [    2.269299] pci 0000:00:17.5: BAR 13: failed to assign [io  size 0x1000]
Jun 11 12:58:05 ubuntu20server kernel: [    2.269697] pci 0000:00:17.4: BAR 13: no space for [io  size 0x1000]
Jun 11 12:58:05 ubuntu20server kernel: [    2.270075] pci 0000:00:17.4: BAR 13: failed to assign [io  size 0x1000]
Jun 11 12:58:05 ubuntu20server kernel: [    2.270471] pci 0000:00:17.3: BAR 13: no space for [io  size 0x1000]
Jun 11 12:58:05 ubuntu20server kernel: [    2.270983] pci 0000:00:17.3: BAR 13: failed to assign [io  size 0x1000]
Jun 11 12:58:05 ubuntu20server kernel: [    2.271842] pci 0000:00:16.7: BAR 13: no space for [io  size 0x1000]
Jun 11 12:58:05 ubuntu20server kernel: [    2.272428] pci 0000:00:16.7: BAR 13: failed to assign [io  size 0x1000]
Jun 11 12:58:05 ubuntu20server kernel: [    2.272920] pci 0000:00:16.6: BAR 13: no space for [io  size 0x1000]
Jun 11 12:58:05 ubuntu20server kernel: [    2.273299] pci 0000:00:16.6: BAR 13: failed to assign [io  size 0x1000]
Jun 11 12:58:05 ubuntu20server kernel: [    2.273696] pci 0000:00:16.5: BAR 13: no space for [io  size 0x1000]
Jun 11 12:58:05 ubuntu20server kernel: [    2.274074] pci 0000:00:16.5: BAR 13: failed to assign [io  size 0x1000]
Jun 11 12:58:05 ubuntu20server kernel: [    2.274470] pci 0000:00:16.4: BAR 13: no space for [io  size 0x1000]
